../Core/Phoropter/Src/Common.c:30:9:MBCmdReceivefunc	24	static
../Core/Phoropter/Src/Common.c:125:6:check_motor_status	80	static
../Core/Phoropter/Src/Common.c:184:6:Init_PV	8	static
../Core/Phoropter/Src/Common.c:219:6:Disc1_homing_position	8	static
../Core/Phoropter/Src/Common.c:276:6:Disc2_homing_position	8	static
../Core/Phoropter/Src/Common.c:330:6:Disc3_homing_position	8	static
../Core/Phoropter/Src/Common.c:382:6:Disc4_homing_position	8	static
../Core/Phoropter/Src/Common.c:434:6:Disc5_homing_position	8	static
../Core/Phoropter/Src/Common.c:487:6:Disc6_homing_position	8	static
../Core/Phoropter/Src/Common.c:541:6:PD_motor	8	static
../Core/Phoropter/Src/Common.c:598:6:Axis_motor_homing	8	static
../Core/Phoropter/Src/Common.c:774:6:Prism1_motor	8	static
../Core/Phoropter/Src/Common.c:852:6:Prism2_motor	8	static
../Core/Phoropter/Src/Common.c:926:6:DC_motor_In	8	static
../Core/Phoropter/Src/Common.c:944:6:DC_motor_Out	8	static
../Core/Phoropter/Src/Common.c:1000:9:Disc_Motor_Rotation	24	static
../Core/Phoropter/Src/Common.c:1178:6:rotate_disc1	16	static
../Core/Phoropter/Src/Common.c:1230:6:rotate_disc2	16	static
../Core/Phoropter/Src/Common.c:1282:6:rotate_disc3	16	static
../Core/Phoropter/Src/Common.c:1334:6:rotate_disc4	16	static
../Core/Phoropter/Src/Common.c:1388:6:rotate_disc5	16	static
../Core/Phoropter/Src/Common.c:1442:6:rotate_disc6	16	static
../Core/Phoropter/Src/Common.c:1494:6:Axis_motor_rotation	16	static
../Core/Phoropter/Src/Common.c:1558:6:Axis_motor_rotation_calibration	16	static
../Core/Phoropter/Src/Common.c:1610:6:axis_xcyl	16	static
../Core/Phoropter/Src/Common.c:1679:6:Prism1_Motor_Rotation	16	static
../Core/Phoropter/Src/Common.c:1741:6:Prism2_Motor_Rotation	16	static
../Core/Phoropter/Src/Common.c:1794:6:prism_motor_rotation	16	static
../Core/Phoropter/Src/Common.c:1902:6:Prism_Polar	24	static
../Core/Phoropter/Src/Common.c:1924:6:Prism_XY	64	static
../Core/Phoropter/Src/Common.c:2172:6:prism_function	16	static
../Core/Phoropter/Src/Common.c:2192:6:PD1_motor	16	static
../Core/Phoropter/Src/Common.c:2254:6:Disc_motorspeed_cal	4	static
../Core/Phoropter/Src/Common.c:2313:6:Axis_motorspeed_cal	8	static
../Core/Phoropter/Src/Common.c:2399:6:PD_motorspeed_cal	4	static
../Core/Phoropter/Src/Common.c:2414:6:Prism_motorspeed_cal	4	static
../Core/Phoropter/Src/Common.c:2429:6:HAL_TIM_PeriodElapsedCallback	16	static
