../Core/Phoropter/Src/Disc_cal.c:23:9:Disc_cmd	16	static
../Core/Phoropter/Src/Disc_cal.c:58:6:disc1_inc	8	static
../Core/Phoropter/Src/Disc_cal.c:84:6:disc1_dec	8	static
../Core/Phoropter/Src/Disc_cal.c:111:6:disc2_inc	8	static
../Core/Phoropter/Src/Disc_cal.c:138:6:disc2_dec	8	static
../Core/Phoropter/Src/Disc_cal.c:164:6:disc3_inc	8	static
../Core/Phoropter/Src/Disc_cal.c:190:6:disc3_dec	8	static
../Core/Phoropter/Src/Disc_cal.c:216:6:disc4_inc	8	static
../Core/Phoropter/Src/Disc_cal.c:242:6:disc4_dec	8	static
../Core/Phoropter/Src/Disc_cal.c:268:6:disc5_inc	8	static
../Core/Phoropter/Src/Disc_cal.c:294:6:disc5_dec	8	static
../Core/Phoropter/Src/Disc_cal.c:320:6:disc6_inc	8	static
../Core/Phoropter/Src/Disc_cal.c:346:6:disc6_dec	8	static
../Core/Phoropter/Src/Disc_cal.c:371:6:PD_inc	8	static
../Core/Phoropter/Src/Disc_cal.c:389:6:PD_dec	8	static
../Core/Phoropter/Src/Disc_cal.c:407:6:Axis_inc	8	static
../Core/Phoropter/Src/Disc_cal.c:424:6:Axis_dec	8	static
../Core/Phoropter/Src/Disc_cal.c:442:6:prism1_inc	8	static
../Core/Phoropter/Src/Disc_cal.c:461:6:prism1_dec	8	static
../Core/Phoropter/Src/Disc_cal.c:480:6:prism2_inc	8	static
../Core/Phoropter/Src/Disc_cal.c:499:6:prism2_dec	8	static
