../Core/Phoropter/Src/Prism_polar2_cmd.c:24:9:Prism_polar2_cmd	16	static
../Core/Phoropter/Src/Prism_polar2_cmd.c:65:6:Prism_polar2_SubFun1	8	static
../Core/Phoropter/Src/Prism_polar2_cmd.c:87:6:Prism_polar2_SubFun2	8	static
../Core/Phoropter/Src/Prism_polar2_cmd.c:109:6:Prism_polar2_SubFun3	8	static
../Core/Phoropter/Src/Prism_polar2_cmd.c:131:6:Prism_polar2_SubFun4	8	static
../Core/Phoropter/Src/Prism_polar2_cmd.c:153:6:Prism_polar2_SubFun5	8	static
../Core/Phoropter/Src/Prism_polar2_cmd.c:175:6:Prism_polar2_SubFun6	8	static
../Core/Phoropter/Src/Prism_polar2_cmd.c:197:6:Prism_polar2_SubFun7	8	static
../Core/Phoropter/Src/Prism_polar2_cmd.c:219:6:Prism_polar2_SubFun8	8	static
../Core/Phoropter/Src/Prism_polar2_cmd.c:241:6:Prism_polar2_SubFun9	8	static
../Core/Phoropter/Src/Prism_polar2_cmd.c:263:6:Prism_polar2_SubFun10	8	static
../Core/Phoropter/Src/Prism_polar2_cmd.c:285:6:Prism_polar2_SubFun11	8	static
../Core/Phoropter/Src/Prism_polar2_cmd.c:307:6:Prism_polar2_SubFun12	8	static
../Core/Phoropter/Src/Prism_polar2_cmd.c:329:6:Prism_polar2_SubFun13	8	static
../Core/Phoropter/Src/Prism_polar2_cmd.c:351:6:Prism_polar2_SubFun14	8	static
../Core/Phoropter/Src/Prism_polar2_cmd.c:373:6:Prism_polar2_SubFun15	8	static
../Core/Phoropter/Src/Prism_polar2_cmd.c:395:6:Prism_polar2_SubFun16	8	static
../Core/Phoropter/Src/Prism_polar2_cmd.c:417:6:Prism_polar2_SubFun17	8	static
../Core/Phoropter/Src/Prism_polar2_cmd.c:439:6:Prism_polar2_SubFun18	8	static
../Core/Phoropter/Src/Prism_polar2_cmd.c:461:6:Prism_polar2_SubFun19	8	static
../Core/Phoropter/Src/Prism_polar2_cmd.c:483:6:Prism_polar2_SubFun20	8	static
../Core/Phoropter/Src/Prism_polar2_cmd.c:505:6:Prism_polar2_SubFun21	8	static
../Core/Phoropter/Src/Prism_polar2_cmd.c:526:6:Prism_polar2_SubFun22	8	static
../Core/Phoropter/Src/Prism_polar2_cmd.c:548:6:Prism_polar2_SubFun23	8	static
../Core/Phoropter/Src/Prism_polar2_cmd.c:570:6:Prism_polar2_SubFun24	8	static
../Core/Phoropter/Src/Prism_polar2_cmd.c:592:6:Prism_polar2_SubFun25	8	static
../Core/Phoropter/Src/Prism_polar2_cmd.c:614:6:Prism_polar2_SubFun26	8	static
../Core/Phoropter/Src/Prism_polar2_cmd.c:636:6:Prism_polar2_SubFun27	8	static
../Core/Phoropter/Src/Prism_polar2_cmd.c:658:6:Prism_polar2_SubFun28	8	static
../Core/Phoropter/Src/Prism_polar2_cmd.c:680:6:Prism_polar2_SubFun29	8	static
../Core/Phoropter/Src/Prism_polar2_cmd.c:702:6:Prism_polar2_SubFun30	8	static
../Core/Phoropter/Src/Prism_polar2_cmd.c:724:6:Prism_polar2_SubFun31	8	static
../Core/Phoropter/Src/Prism_polar2_cmd.c:746:6:Prism_polar2_SubFun32	8	static
../Core/Phoropter/Src/Prism_polar2_cmd.c:768:6:Prism_polar2_SubFun33	8	static
../Core/Phoropter/Src/Prism_polar2_cmd.c:790:6:Prism_polar2_SubFun34	8	static
../Core/Phoropter/Src/Prism_polar2_cmd.c:812:6:Prism_polar2_SubFun35	8	static
../Core/Phoropter/Src/Prism_polar2_cmd.c:834:6:Prism_polar2_SubFun36	8	static
../Core/Phoropter/Src/Prism_polar2_cmd.c:856:6:Prism_polar2_SubFun37	8	static
../Core/Phoropter/Src/Prism_polar2_cmd.c:878:6:Prism_polar2_SubFun38	8	static
../Core/Phoropter/Src/Prism_polar2_cmd.c:900:6:Prism_polar2_SubFun39	8	static
../Core/Phoropter/Src/Prism_polar2_cmd.c:922:6:Prism_polar2_SubFun40	8	static
../Core/Phoropter/Src/Prism_polar2_cmd.c:944:6:Prism_polar2_SubFun41	8	static
../Core/Phoropter/Src/Prism_polar2_cmd.c:966:6:Prism_polar2_SubFun42	8	static
../Core/Phoropter/Src/Prism_polar2_cmd.c:988:6:Prism_polar2_SubFun43	8	static
../Core/Phoropter/Src/Prism_polar2_cmd.c:1010:6:Prism_polar2_SubFun44	8	static
../Core/Phoropter/Src/Prism_polar2_cmd.c:1032:6:Prism_polar2_SubFun45	8	static
../Core/Phoropter/Src/Prism_polar2_cmd.c:1054:6:Prism_polar2_SubFun46	8	static
../Core/Phoropter/Src/Prism_polar2_cmd.c:1076:6:Prism_polar2_SubFun47	8	static
../Core/Phoropter/Src/Prism_polar2_cmd.c:1098:6:Prism_polar2_SubFun48	8	static
../Core/Phoropter/Src/Prism_polar2_cmd.c:1120:6:Prism_polar2_SubFun49	8	static
../Core/Phoropter/Src/Prism_polar2_cmd.c:1142:6:Prism_polar2_SubFun50	8	static
../Core/Phoropter/Src/Prism_polar2_cmd.c:1164:6:Prism_polar2_SubFun51	8	static
../Core/Phoropter/Src/Prism_polar2_cmd.c:1186:6:Prism_polar2_SubFun52	8	static
../Core/Phoropter/Src/Prism_polar2_cmd.c:1208:6:Prism_polar2_SubFun53	8	static
../Core/Phoropter/Src/Prism_polar2_cmd.c:1230:6:Prism_polar2_SubFun54	8	static
../Core/Phoropter/Src/Prism_polar2_cmd.c:1252:6:Prism_polar2_SubFun55	8	static
../Core/Phoropter/Src/Prism_polar2_cmd.c:1274:6:Prism_polar2_SubFun56	8	static
../Core/Phoropter/Src/Prism_polar2_cmd.c:1296:6:Prism_polar2_SubFun57	8	static
../Core/Phoropter/Src/Prism_polar2_cmd.c:1318:6:Prism_polar2_SubFun58	8	static
../Core/Phoropter/Src/Prism_polar2_cmd.c:1340:6:Prism_polar2_SubFun59	8	static
../Core/Phoropter/Src/Prism_polar2_cmd.c:1362:6:Prism_polar2_SubFun60	8	static
../Core/Phoropter/Src/Prism_polar2_cmd.c:1384:6:Prism_polar2_SubFun61	8	static
../Core/Phoropter/Src/Prism_polar2_cmd.c:1406:6:Prism_polar2_SubFun62	8	static
../Core/Phoropter/Src/Prism_polar2_cmd.c:1428:6:Prism_polar2_SubFun63	8	static
../Core/Phoropter/Src/Prism_polar2_cmd.c:1450:6:Prism_polar2_SubFun64	8	static
../Core/Phoropter/Src/Prism_polar2_cmd.c:1472:6:Prism_polar2_SubFun65	8	static
../Core/Phoropter/Src/Prism_polar2_cmd.c:1494:6:Prism_polar2_SubFun66	8	static
../Core/Phoropter/Src/Prism_polar2_cmd.c:1516:6:Prism_polar2_SubFun67	8	static
../Core/Phoropter/Src/Prism_polar2_cmd.c:1538:6:Prism_polar2_SubFun68	8	static
../Core/Phoropter/Src/Prism_polar2_cmd.c:1560:6:Prism_polar2_SubFun69	8	static
../Core/Phoropter/Src/Prism_polar2_cmd.c:1582:6:Prism_polar2_SubFun70	8	static
../Core/Phoropter/Src/Prism_polar2_cmd.c:1604:6:Prism_polar2_SubFun71	8	static
../Core/Phoropter/Src/Prism_polar2_cmd.c:1626:6:Prism_polar2_SubFun72	8	static
../Core/Phoropter/Src/Prism_polar2_cmd.c:1648:6:Prism_polar2_SubFun73	8	static
../Core/Phoropter/Src/Prism_polar2_cmd.c:1670:6:Prism_polar2_SubFun74	8	static
../Core/Phoropter/Src/Prism_polar2_cmd.c:1692:6:Prism_polar2_SubFun75	8	static
../Core/Phoropter/Src/Prism_polar2_cmd.c:1714:6:Prism_polar2_SubFun76	8	static
../Core/Phoropter/Src/Prism_polar2_cmd.c:1736:6:Prism_polar2_SubFun77	8	static
../Core/Phoropter/Src/Prism_polar2_cmd.c:1758:6:Prism_polar2_SubFun78	8	static
../Core/Phoropter/Src/Prism_polar2_cmd.c:1780:6:Prism_polar2_SubFun79	8	static
../Core/Phoropter/Src/Prism_polar2_cmd.c:1802:6:Prism_polar2_SubFun80	8	static
../Core/Phoropter/Src/Prism_polar2_cmd.c:1823:6:Prism_polar2_SubFun81	8	static
../Core/Phoropter/Src/Prism_polar2_cmd.c:1845:6:Prism_polar2_SubFun82	8	static
../Core/Phoropter/Src/Prism_polar2_cmd.c:1867:6:Prism_polar2_SubFun83	8	static
../Core/Phoropter/Src/Prism_polar2_cmd.c:1889:6:Prism_polar2_SubFun84	8	static
../Core/Phoropter/Src/Prism_polar2_cmd.c:1911:6:Prism_polar2_SubFun85	8	static
../Core/Phoropter/Src/Prism_polar2_cmd.c:1933:6:Prism_polar2_SubFun86	8	static
../Core/Phoropter/Src/Prism_polar2_cmd.c:1955:6:Prism_polar2_SubFun87	8	static
../Core/Phoropter/Src/Prism_polar2_cmd.c:1977:6:Prism_polar2_SubFun88	8	static
../Core/Phoropter/Src/Prism_polar2_cmd.c:1999:6:Prism_polar2_SubFun89	8	static
../Core/Phoropter/Src/Prism_polar2_cmd.c:2021:6:Prism_polar2_SubFun90	8	static
../Core/Phoropter/Src/Prism_polar2_cmd.c:2043:6:Prism_polar2_SubFun91	8	static
../Core/Phoropter/Src/Prism_polar2_cmd.c:2065:6:Prism_polar2_SubFun92	8	static
../Core/Phoropter/Src/Prism_polar2_cmd.c:2087:6:Prism_polar2_SubFun93	8	static
../Core/Phoropter/Src/Prism_polar2_cmd.c:2109:6:Prism_polar2_SubFun94	8	static
../Core/Phoropter/Src/Prism_polar2_cmd.c:2131:6:Prism_polar2_SubFun95	8	static
../Core/Phoropter/Src/Prism_polar2_cmd.c:2153:6:Prism_polar2_SubFun96	8	static
../Core/Phoropter/Src/Prism_polar2_cmd.c:2175:6:Prism_polar2_SubFun97	8	static
../Core/Phoropter/Src/Prism_polar2_cmd.c:2197:6:Prism_polar2_SubFun98	8	static
../Core/Phoropter/Src/Prism_polar2_cmd.c:2219:6:Prism_polar2_SubFun99	8	static
../Core/Phoropter/Src/Prism_polar2_cmd.c:2241:6:Prism_polar2_SubFun100	8	static
../Core/Phoropter/Src/Prism_polar2_cmd.c:2263:6:Prism_polar2_SubFun101	8	static
../Core/Phoropter/Src/Prism_polar2_cmd.c:2285:6:Prism_polar2_SubFun102	8	static
../Core/Phoropter/Src/Prism_polar2_cmd.c:2307:6:Prism_polar2_SubFun103	8	static
../Core/Phoropter/Src/Prism_polar2_cmd.c:2329:6:Prism_polar2_SubFun104	8	static
../Core/Phoropter/Src/Prism_polar2_cmd.c:2351:6:Prism_polar2_SubFun105	8	static
../Core/Phoropter/Src/Prism_polar2_cmd.c:2373:6:Prism_polar2_SubFun106	8	static
../Core/Phoropter/Src/Prism_polar2_cmd.c:2395:6:Prism_polar2_SubFun107	8	static
../Core/Phoropter/Src/Prism_polar2_cmd.c:2417:6:Prism_polar2_SubFun108	8	static
../Core/Phoropter/Src/Prism_polar2_cmd.c:2439:6:Prism_polar2_SubFun109	8	static
../Core/Phoropter/Src/Prism_polar2_cmd.c:2461:6:Prism_polar2_SubFun110	8	static
../Core/Phoropter/Src/Prism_polar2_cmd.c:2483:6:Prism_polar2_SubFun111	8	static
../Core/Phoropter/Src/Prism_polar2_cmd.c:2505:6:Prism_polar2_SubFun112	8	static
../Core/Phoropter/Src/Prism_polar2_cmd.c:2527:6:Prism_polar2_SubFun113	8	static
../Core/Phoropter/Src/Prism_polar2_cmd.c:2549:6:Prism_polar2_SubFun114	8	static
../Core/Phoropter/Src/Prism_polar2_cmd.c:2571:6:Prism_polar2_SubFun115	8	static
../Core/Phoropter/Src/Prism_polar2_cmd.c:2593:6:Prism_polar2_SubFun116	8	static
../Core/Phoropter/Src/Prism_polar2_cmd.c:2615:6:Prism_polar2_SubFun117	8	static
../Core/Phoropter/Src/Prism_polar2_cmd.c:2637:6:Prism_polar2_SubFun118	8	static
../Core/Phoropter/Src/Prism_polar2_cmd.c:2659:6:Prism_polar2_SubFun119	8	static
../Core/Phoropter/Src/Prism_polar2_cmd.c:2681:6:Prism_polar2_SubFun120	8	static
../Core/Phoropter/Src/Prism_polar2_cmd.c:2703:6:Prism_polar2_SubFun121	8	static
../Core/Phoropter/Src/Prism_polar2_cmd.c:2724:6:Prism_polar2_SubFun122	8	static
../Core/Phoropter/Src/Prism_polar2_cmd.c:2746:6:Prism_polar2_SubFun123	8	static
../Core/Phoropter/Src/Prism_polar2_cmd.c:2768:6:Prism_polar2_SubFun124	8	static
../Core/Phoropter/Src/Prism_polar2_cmd.c:2790:6:Prism_polar2_SubFun125	8	static
../Core/Phoropter/Src/Prism_polar2_cmd.c:2812:6:Prism_polar2_SubFun126	8	static
../Core/Phoropter/Src/Prism_polar2_cmd.c:2834:6:Prism_polar2_SubFun127	8	static
../Core/Phoropter/Src/Prism_polar2_cmd.c:2856:6:Prism_polar2_SubFun128	8	static
../Core/Phoropter/Src/Prism_polar2_cmd.c:2878:6:Prism_polar2_SubFun129	8	static
../Core/Phoropter/Src/Prism_polar2_cmd.c:2900:6:Prism_polar2_SubFun130	8	static
../Core/Phoropter/Src/Prism_polar2_cmd.c:2922:6:Prism_polar2_SubFun131	8	static
../Core/Phoropter/Src/Prism_polar2_cmd.c:2944:6:Prism_polar2_SubFun132	8	static
../Core/Phoropter/Src/Prism_polar2_cmd.c:2966:6:Prism_polar2_SubFun133	8	static
../Core/Phoropter/Src/Prism_polar2_cmd.c:2988:6:Prism_polar2_SubFun134	8	static
../Core/Phoropter/Src/Prism_polar2_cmd.c:3010:6:Prism_polar2_SubFun135	8	static
../Core/Phoropter/Src/Prism_polar2_cmd.c:3032:6:Prism_polar2_SubFun136	8	static
../Core/Phoropter/Src/Prism_polar2_cmd.c:3054:6:Prism_polar2_SubFun137	8	static
../Core/Phoropter/Src/Prism_polar2_cmd.c:3076:6:Prism_polar2_SubFun138	8	static
../Core/Phoropter/Src/Prism_polar2_cmd.c:3098:6:Prism_polar2_SubFun139	8	static
../Core/Phoropter/Src/Prism_polar2_cmd.c:3120:6:Prism_polar2_SubFun140	8	static
../Core/Phoropter/Src/Prism_polar2_cmd.c:3142:6:Prism_polar2_SubFun141	8	static
../Core/Phoropter/Src/Prism_polar2_cmd.c:3164:6:Prism_polar2_SubFun142	8	static
../Core/Phoropter/Src/Prism_polar2_cmd.c:3186:6:Prism_polar2_SubFun143	8	static
../Core/Phoropter/Src/Prism_polar2_cmd.c:3208:6:Prism_polar2_SubFun144	8	static
../Core/Phoropter/Src/Prism_polar2_cmd.c:3230:6:Prism_polar2_SubFun145	8	static
../Core/Phoropter/Src/Prism_polar2_cmd.c:3252:6:Prism_polar2_SubFun146	8	static
../Core/Phoropter/Src/Prism_polar2_cmd.c:3274:6:Prism_polar2_SubFun147	8	static
../Core/Phoropter/Src/Prism_polar2_cmd.c:3296:6:Prism_polar2_SubFun148	8	static
../Core/Phoropter/Src/Prism_polar2_cmd.c:3318:6:Prism_polar2_SubFun149	8	static
../Core/Phoropter/Src/Prism_polar2_cmd.c:3340:6:Prism_polar2_SubFun150	8	static
../Core/Phoropter/Src/Prism_polar2_cmd.c:3362:6:Prism_polar2_SubFun151	8	static
../Core/Phoropter/Src/Prism_polar2_cmd.c:3384:6:Prism_polar2_SubFun152	8	static
../Core/Phoropter/Src/Prism_polar2_cmd.c:3406:6:Prism_polar2_SubFun153	8	static
../Core/Phoropter/Src/Prism_polar2_cmd.c:3428:6:Prism_polar2_SubFun154	8	static
../Core/Phoropter/Src/Prism_polar2_cmd.c:3450:6:Prism_polar2_SubFun155	8	static
../Core/Phoropter/Src/Prism_polar2_cmd.c:3472:6:Prism_polar2_SubFun156	8	static
../Core/Phoropter/Src/Prism_polar2_cmd.c:3494:6:Prism_polar2_SubFun157	8	static
../Core/Phoropter/Src/Prism_polar2_cmd.c:3516:6:Prism_polar2_SubFun158	8	static
../Core/Phoropter/Src/Prism_polar2_cmd.c:3538:6:Prism_polar2_SubFun159	8	static
../Core/Phoropter/Src/Prism_polar2_cmd.c:3560:6:Prism_polar2_SubFun160	8	static
../Core/Phoropter/Src/Prism_polar2_cmd.c:3582:6:Prism_polar2_SubFun161	8	static
../Core/Phoropter/Src/Prism_polar2_cmd.c:3604:6:Prism_polar2_SubFun162	8	static
../Core/Phoropter/Src/Prism_polar2_cmd.c:3626:6:Prism_polar2_SubFun163	8	static
../Core/Phoropter/Src/Prism_polar2_cmd.c:3648:6:Prism_polar2_SubFun164	8	static
../Core/Phoropter/Src/Prism_polar2_cmd.c:3670:6:Prism_polar2_SubFun165	8	static
../Core/Phoropter/Src/Prism_polar2_cmd.c:3692:6:Prism_polar2_SubFun166	8	static
../Core/Phoropter/Src/Prism_polar2_cmd.c:3714:6:Prism_polar2_SubFun167	8	static
../Core/Phoropter/Src/Prism_polar2_cmd.c:3736:6:Prism_polar2_SubFun168	8	static
../Core/Phoropter/Src/Prism_polar2_cmd.c:3758:6:Prism_polar2_SubFun169	8	static
../Core/Phoropter/Src/Prism_polar2_cmd.c:3780:6:Prism_polar2_SubFun170	8	static
../Core/Phoropter/Src/Prism_polar2_cmd.c:3802:6:Prism_polar2_SubFun171	8	static
../Core/Phoropter/Src/Prism_polar2_cmd.c:3824:6:Prism_polar2_SubFun172	8	static
../Core/Phoropter/Src/Prism_polar2_cmd.c:3846:6:Prism_polar2_SubFun173	8	static
../Core/Phoropter/Src/Prism_polar2_cmd.c:3868:6:Prism_polar2_SubFun174	8	static
../Core/Phoropter/Src/Prism_polar2_cmd.c:3890:6:Prism_polar2_SubFun175	8	static
../Core/Phoropter/Src/Prism_polar2_cmd.c:3912:6:Prism_polar2_SubFun176	8	static
../Core/Phoropter/Src/Prism_polar2_cmd.c:3934:6:Prism_polar2_SubFun177	8	static
../Core/Phoropter/Src/Prism_polar2_cmd.c:3956:6:Prism_polar2_SubFun178	8	static
../Core/Phoropter/Src/Prism_polar2_cmd.c:3978:6:Prism_polar2_SubFun179	8	static
../Core/Phoropter/Src/Prism_polar2_cmd.c:4000:6:Prism_polar2_SubFun180	8	static
