../Core/Phoropter/Src/spr_cmd.c:24:9:sph_cmd	16	static
../Core/Phoropter/Src/spr_cmd.c:61:6:spr_SubFun1	8	static
../Core/Phoropter/Src/spr_cmd.c:89:6:spr_SubFun2	8	static
../Core/Phoropter/Src/spr_cmd.c:117:6:spr_SubFun3	8	static
../Core/Phoropter/Src/spr_cmd.c:145:6:spr_SubFun4	8	static
../Core/Phoropter/Src/spr_cmd.c:171:6:spr_SubFun5	8	static
../Core/Phoropter/Src/spr_cmd.c:200:6:spr_SubFun6	8	static
../Core/Phoropter/Src/spr_cmd.c:229:6:spr_SubFun7	8	static
../Core/Phoropter/Src/spr_cmd.c:258:6:spr_SubFun8	8	static
../Core/Phoropter/Src/spr_cmd.c:286:6:spr_SubFun9	8	static
../Core/Phoropter/Src/spr_cmd.c:314:6:spr_SubFun10	8	static
../Core/Phoropter/Src/spr_cmd.c:342:6:spr_SubFun11	8	static
../Core/Phoropter/Src/spr_cmd.c:370:6:spr_SubFun12	8	static
../Core/Phoropter/Src/spr_cmd.c:398:6:spr_SubFun13	8	static
../Core/Phoropter/Src/spr_cmd.c:426:6:spr_SubFun14	8	static
../Core/Phoropter/Src/spr_cmd.c:454:6:spr_SubFun15	8	static
../Core/Phoropter/Src/spr_cmd.c:482:6:spr_SubFun16	8	static
../Core/Phoropter/Src/spr_cmd.c:511:6:spr_SubFun17	8	static
../Core/Phoropter/Src/spr_cmd.c:540:6:spr_SubFun18	8	static
../Core/Phoropter/Src/spr_cmd.c:566:6:spr_SubFun19	8	static
../Core/Phoropter/Src/spr_cmd.c:593:6:spr_SubFun20	8	static
../Core/Phoropter/Src/spr_cmd.c:621:6:spr_SubFun21	8	static
../Core/Phoropter/Src/spr_cmd.c:649:6:spr_SubFun22	8	static
../Core/Phoropter/Src/spr_cmd.c:677:6:spr_SubFun23	8	static
../Core/Phoropter/Src/spr_cmd.c:705:6:spr_SubFun24	8	static
../Core/Phoropter/Src/spr_cmd.c:733:6:spr_SubFun25	8	static
../Core/Phoropter/Src/spr_cmd.c:761:6:spr_SubFun26	8	static
../Core/Phoropter/Src/spr_cmd.c:789:6:spr_SubFun27	8	static
../Core/Phoropter/Src/spr_cmd.c:815:6:spr_SubFun28	8	static
../Core/Phoropter/Src/spr_cmd.c:844:6:spr_SubFun29	8	static
../Core/Phoropter/Src/spr_cmd.c:872:6:spr_SubFun30	8	static
../Core/Phoropter/Src/spr_cmd.c:901:6:spr_SubFun31	8	static
../Core/Phoropter/Src/spr_cmd.c:930:6:spr_SubFun32	8	static
../Core/Phoropter/Src/spr_cmd.c:960:6:spr_SubFun33	8	static
../Core/Phoropter/Src/spr_cmd.c:989:6:spr_SubFun34	8	static
../Core/Phoropter/Src/spr_cmd.c:1018:6:spr_SubFun35	8	static
../Core/Phoropter/Src/spr_cmd.c:1047:6:spr_SubFun36	8	static
../Core/Phoropter/Src/spr_cmd.c:1072:6:spr_SubFun37	8	static
../Core/Phoropter/Src/spr_cmd.c:1100:6:spr_SubFun38	8	static
../Core/Phoropter/Src/spr_cmd.c:1128:6:spr_SubFun39	8	static
../Core/Phoropter/Src/spr_cmd.c:1156:6:spr_SubFun40	8	static
../Core/Phoropter/Src/spr_cmd.c:1185:6:spr_SubFun41	8	static
../Core/Phoropter/Src/spr_cmd.c:1214:6:spr_SubFun42	8	static
../Core/Phoropter/Src/spr_cmd.c:1242:6:spr_SubFun43	8	static
../Core/Phoropter/Src/spr_cmd.c:1271:6:spr_SubFun44	8	static
../Core/Phoropter/Src/spr_cmd.c:1299:6:spr_SubFun45	8	static
../Core/Phoropter/Src/spr_cmd.c:1326:6:spr_SubFun46	8	static
../Core/Phoropter/Src/spr_cmd.c:1355:6:spr_SubFun47	8	static
../Core/Phoropter/Src/spr_cmd.c:1383:6:spr_SubFun48	8	static
../Core/Phoropter/Src/spr_cmd.c:1411:6:spr_SubFun49	8	static
../Core/Phoropter/Src/spr_cmd.c:1441:6:spr_SubFun50	8	static
../Core/Phoropter/Src/spr_cmd.c:1470:6:spr_SubFun51	8	static
../Core/Phoropter/Src/spr_cmd.c:1501:6:spr_SubFun52	8	static
../Core/Phoropter/Src/spr_cmd.c:1531:6:spr_SubFun53	8	static
../Core/Phoropter/Src/spr_cmd.c:1561:6:spr_SubFun54	8	static
../Core/Phoropter/Src/spr_cmd.c:1590:6:spr_SubFun55	8	static
../Core/Phoropter/Src/spr_cmd.c:1619:6:spr_SubFun56	8	static
../Core/Phoropter/Src/spr_cmd.c:1648:6:spr_SubFun57	8	static
../Core/Phoropter/Src/spr_cmd.c:1677:6:spr_SubFun58	8	static
../Core/Phoropter/Src/spr_cmd.c:1706:6:spr_SubFun59	8	static
../Core/Phoropter/Src/spr_cmd.c:1735:6:spr_SubFun60	8	static
../Core/Phoropter/Src/spr_cmd.c:1764:6:spr_SubFun61	8	static
../Core/Phoropter/Src/spr_cmd.c:1794:6:spr_SubFun62	8	static
../Core/Phoropter/Src/spr_cmd.c:1823:6:spr_SubFun63	8	static
../Core/Phoropter/Src/spr_cmd.c:1852:6:spr_SubFun64	8	static
../Core/Phoropter/Src/spr_cmd.c:1881:6:spr_SubFun65	8	static
../Core/Phoropter/Src/spr_cmd.c:1910:6:spr_SubFun66	8	static
../Core/Phoropter/Src/spr_cmd.c:1939:6:spr_SubFun67	8	static
../Core/Phoropter/Src/spr_cmd.c:1968:6:spr_SubFun68	8	static
../Core/Phoropter/Src/spr_cmd.c:1997:6:spr_SubFun69	8	static
../Core/Phoropter/Src/spr_cmd.c:2025:6:spr_SubFun70	8	static
../Core/Phoropter/Src/spr_cmd.c:2054:6:spr_SubFun71	8	static
../Core/Phoropter/Src/spr_cmd.c:2084:6:spr_SubFun72	8	static
../Core/Phoropter/Src/spr_cmd.c:2113:6:spr_SubFun73	8	static
../Core/Phoropter/Src/spr_cmd.c:2142:6:spr_SubFun74	8	static
../Core/Phoropter/Src/spr_cmd.c:2171:6:spr_SubFun75	8	static
../Core/Phoropter/Src/spr_cmd.c:2200:6:spr_SubFun76	8	static
../Core/Phoropter/Src/spr_cmd.c:2229:6:spr_SubFun77	8	static
../Core/Phoropter/Src/spr_cmd.c:2257:6:spr_SubFun78	8	static
../Core/Phoropter/Src/spr_cmd.c:2286:6:spr_SubFun79	8	static
../Core/Phoropter/Src/spr_cmd.c:2316:6:spr_SubFun80	8	static
../Core/Phoropter/Src/spr_cmd.c:2346:6:spr_SubFun81	8	static
../Core/Phoropter/Src/spr_cmd.c:2376:6:spr_SubFun82	8	static
../Core/Phoropter/Src/spr_cmd.c:2406:6:spr_SubFun83	8	static
../Core/Phoropter/Src/spr_cmd.c:2436:6:spr_SubFun84	8	static
../Core/Phoropter/Src/spr_cmd.c:2466:6:spr_SubFun85	8	static
../Core/Phoropter/Src/spr_cmd.c:2496:6:spr_SubFun86	8	static
../Core/Phoropter/Src/spr_cmd.c:2526:6:spr_SubFun87	8	static
../Core/Phoropter/Src/spr_cmd.c:2556:6:spr_SubFun88	8	static
../Core/Phoropter/Src/spr_cmd.c:2586:6:spr_SubFun89	8	static
../Core/Phoropter/Src/spr_cmd.c:2616:6:spr_SubFun90	8	static
../Core/Phoropter/Src/spr_cmd.c:2645:6:spr_SubFun91	8	static
../Core/Phoropter/Src/spr_cmd.c:2675:6:spr_SubFun92	8	static
../Core/Phoropter/Src/spr_cmd.c:2705:6:spr_SubFun93	8	static
../Core/Phoropter/Src/spr_cmd.c:2734:6:spr_SubFun94	8	static
../Core/Phoropter/Src/spr_cmd.c:2764:6:spr_SubFun95	8	static
../Core/Phoropter/Src/spr_cmd.c:2793:6:spr_SubFun96	8	static
../Core/Phoropter/Src/spr_cmd.c:2822:6:spr_SubFun97	8	static
../Core/Phoropter/Src/spr_cmd.c:2851:6:spr_SubFun98	8	static
../Core/Phoropter/Src/spr_cmd.c:2880:6:spr_SubFun99	8	static
../Core/Phoropter/Src/spr_cmd.c:2910:6:spr_SubFun100	8	static
../Core/Phoropter/Src/spr_cmd.c:2939:6:spr_SubFun101	8	static
../Core/Phoropter/Src/spr_cmd.c:2968:6:spr_SubFun102	8	static
../Core/Phoropter/Src/spr_cmd.c:2996:6:spr_SubFun103	8	static
../Core/Phoropter/Src/spr_cmd.c:3025:6:spr_SubFun104	8	static
../Core/Phoropter/Src/spr_cmd.c:3054:6:spr_SubFun105	8	static
../Core/Phoropter/Src/spr_cmd.c:3082:6:spr_SubFun106	8	static
../Core/Phoropter/Src/spr_cmd.c:3111:6:spr_SubFun107	8	static
../Core/Phoropter/Src/spr_cmd.c:3140:6:spr_SubFun108	8	static
../Core/Phoropter/Src/spr_cmd.c:3170:6:spr_SubFun109	8	static
../Core/Phoropter/Src/spr_cmd.c:3198:6:spr_SubFun110	8	static
../Core/Phoropter/Src/spr_cmd.c:3227:6:spr_SubFun111	8	static
../Core/Phoropter/Src/spr_cmd.c:3256:6:spr_SubFun112	8	static
../Core/Phoropter/Src/spr_cmd.c:3284:6:spr_SubFun113	8	static
../Core/Phoropter/Src/spr_cmd.c:3313:6:spr_SubFun114	8	static
../Core/Phoropter/Src/spr_cmd.c:3342:6:spr_SubFun115	8	static
../Core/Phoropter/Src/spr_cmd.c:3370:6:spr_SubFun116	8	static
../Core/Phoropter/Src/spr_cmd.c:3399:6:spr_SubFun117	8	static
../Core/Phoropter/Src/spr_cmd.c:3428:6:spr_SubFun118	8	static
../Core/Phoropter/Src/spr_cmd.c:3457:6:spr_SubFun119	8	static
../Core/Phoropter/Src/spr_cmd.c:3485:6:spr_SubFun120	8	static
../Core/Phoropter/Src/spr_cmd.c:3514:6:spr_SubFun121	8	static
../Core/Phoropter/Src/spr_cmd.c:3544:6:spr_SubFun122	8	static
../Core/Phoropter/Src/spr_cmd.c:3573:6:spr_SubFun123	8	static
../Core/Phoropter/Src/spr_cmd.c:3603:6:spr_SubFun124	8	static
../Core/Phoropter/Src/spr_cmd.c:3632:6:spr_SubFun125	8	static
../Core/Phoropter/Src/spr_cmd.c:3660:6:spr_SubFun126	8	static
../Core/Phoropter/Src/spr_cmd.c:3688:6:spr_SubFun127	8	static
../Core/Phoropter/Src/spr_cmd.c:3717:6:spr_SubFun128	8	static
../Core/Phoropter/Src/spr_cmd.c:3746:6:spr_SubFun129	8	static
../Core/Phoropter/Src/spr_cmd.c:3775:6:spr_SubFun130	8	static
../Core/Phoropter/Src/spr_cmd.c:3804:6:spr_SubFun131	8	static
../Core/Phoropter/Src/spr_cmd.c:3833:6:spr_SubFun132	8	static
../Core/Phoropter/Src/spr_cmd.c:3863:6:spr_SubFun133	8	static
../Core/Phoropter/Src/spr_cmd.c:3893:6:spr_SubFun134	8	static
../Core/Phoropter/Src/spr_cmd.c:3923:6:spr_SubFun135	8	static
../Core/Phoropter/Src/spr_cmd.c:3953:6:spr_SubFun136	8	static
../Core/Phoropter/Src/spr_cmd.c:3983:6:spr_SubFun137	8	static
../Core/Phoropter/Src/spr_cmd.c:4013:6:spr_SubFun138	8	static
../Core/Phoropter/Src/spr_cmd.c:4043:6:spr_SubFun139	8	static
../Core/Phoropter/Src/spr_cmd.c:4073:6:spr_SubFun140	8	static
../Core/Phoropter/Src/spr_cmd.c:4103:6:spr_SubFun141	8	static
../Core/Phoropter/Src/spr_cmd.c:4133:6:spr_SubFun142	8	static
../Core/Phoropter/Src/spr_cmd.c:4163:6:spr_SubFun143	8	static
../Core/Phoropter/Src/spr_cmd.c:4193:6:spr_SubFun144	8	static
../Core/Phoropter/Src/spr_cmd.c:4223:6:spr_SubFun145	8	static
../Core/Phoropter/Src/spr_cmd.c:4254:6:spr_SubFun146	8	static
../Core/Phoropter/Src/spr_cmd.c:4284:6:spr_SubFun147	8	static
../Core/Phoropter/Src/spr_cmd.c:4315:6:spr_SubFun148	8	static
../Core/Phoropter/Src/spr_cmd.c:4346:6:spr_SubFun149	8	static
../Core/Phoropter/Src/spr_cmd.c:4378:6:spr_SubFun150	8	static
../Core/Phoropter/Src/spr_cmd.c:4408:6:spr_SubFun151	8	static
../Core/Phoropter/Src/spr_cmd.c:4439:6:spr_SubFun152	8	static
../Core/Phoropter/Src/spr_cmd.c:4469:6:spr_SubFun153	8	static
../Core/Phoropter/Src/spr_cmd.c:4499:6:spr_SubFun154	8	static
../Core/Phoropter/Src/spr_cmd.c:4529:6:spr_SubFun155	8	static
../Core/Phoropter/Src/spr_cmd.c:4559:6:spr_SubFun156	8	static
../Core/Phoropter/Src/spr_cmd.c:4589:6:spr_SubFun157	8	static
../Core/Phoropter/Src/spr_cmd.c:4619:6:spr_SubFun158	8	static
../Core/Phoropter/Src/spr_cmd.c:4649:6:spr_SubFun159	8	static
../Core/Phoropter/Src/spr_cmd.c:4679:6:spr_SubFun160	8	static
../Core/Phoropter/Src/spr_cmd.c:4709:6:spr_SubFun161	8	static
../Core/Phoropter/Src/spr_cmd.c:4741:6:spr_SubFun162	8	static
../Core/Phoropter/Src/spr_cmd.c:4772:6:spr_SubFun163	8	static
../Core/Phoropter/Src/spr_cmd.c:4793:6:spr_SubFun164	8	static
../Core/Phoropter/Src/spr_cmd.c:4814:6:spr_SubFun165	8	static
../Core/Phoropter/Src/spr_cmd.c:4825:6:spr_SubFun166	8	static
../Core/Phoropter/Src/spr_cmd.c:4846:6:spr_SubFun167	8	static
