../Core/Phoropter/Src/axis_cmd.c:24:9:axis_cmd	16	static
../Core/Phoropter/Src/axis_cmd.c:60:6:axis_SubFun1	8	static
../Core/Phoropter/Src/axis_cmd.c:80:6:axis_SubFun2	8	static
../Core/Phoropter/Src/axis_cmd.c:101:6:axis_SubFun3	8	static
../Core/Phoropter/Src/axis_cmd.c:121:6:axis_SubFun4	8	static
../Core/Phoropter/Src/axis_cmd.c:142:6:axis_SubFun5	8	static
../Core/Phoropter/Src/axis_cmd.c:163:6:axis_SubFun6	8	static
../Core/Phoropter/Src/axis_cmd.c:183:6:axis_SubFun7	8	static
../Core/Phoropter/Src/axis_cmd.c:203:6:axis_SubFun8	8	static
../Core/Phoropter/Src/axis_cmd.c:225:6:axis_SubFun9	8	static
../Core/Phoropter/Src/axis_cmd.c:247:6:axis_SubFun10	8	static
../Core/Phoropter/Src/axis_cmd.c:268:6:axis_SubFun11	8	static
../Core/Phoropter/Src/axis_cmd.c:288:6:axis_SubFun12	8	static
../Core/Phoropter/Src/axis_cmd.c:309:6:axis_SubFun13	8	static
../Core/Phoropter/Src/axis_cmd.c:329:6:axis_SubFun14	8	static
../Core/Phoropter/Src/axis_cmd.c:350:6:axis_SubFun15	8	static
../Core/Phoropter/Src/axis_cmd.c:371:6:axis_SubFun16	8	static
../Core/Phoropter/Src/axis_cmd.c:391:6:axis_SubFun17	8	static
../Core/Phoropter/Src/axis_cmd.c:411:6:axis_SubFun18	8	static
../Core/Phoropter/Src/axis_cmd.c:433:6:axis_SubFun19	8	static
../Core/Phoropter/Src/axis_cmd.c:455:6:axis_SubFun20	8	static
../Core/Phoropter/Src/axis_cmd.c:476:6:axis_SubFun21	8	static
../Core/Phoropter/Src/axis_cmd.c:496:6:axis_SubFun22	8	static
../Core/Phoropter/Src/axis_cmd.c:517:6:axis_SubFun23	8	static
../Core/Phoropter/Src/axis_cmd.c:537:6:axis_SubFun24	8	static
../Core/Phoropter/Src/axis_cmd.c:558:6:axis_SubFun25	8	static
../Core/Phoropter/Src/axis_cmd.c:579:6:axis_SubFun26	8	static
../Core/Phoropter/Src/axis_cmd.c:599:6:axis_SubFun27	8	static
../Core/Phoropter/Src/axis_cmd.c:619:6:axis_SubFun28	8	static
../Core/Phoropter/Src/axis_cmd.c:641:6:axis_SubFun29	8	static
../Core/Phoropter/Src/axis_cmd.c:663:6:axis_SubFun30	8	static
../Core/Phoropter/Src/axis_cmd.c:684:6:axis_SubFun31	8	static
../Core/Phoropter/Src/axis_cmd.c:704:6:axis_SubFun32	8	static
../Core/Phoropter/Src/axis_cmd.c:725:6:axis_SubFun33	8	static
../Core/Phoropter/Src/axis_cmd.c:745:6:axis_SubFun34	8	static
../Core/Phoropter/Src/axis_cmd.c:766:6:axis_SubFun35	8	static
../Core/Phoropter/Src/axis_cmd.c:787:6:axis_SubFun36	8	static
../Core/Phoropter/Src/axis_cmd.c:807:6:axis_SubFun37	8	static
../Core/Phoropter/Src/axis_cmd.c:827:6:axis_SubFun38	8	static
../Core/Phoropter/Src/axis_cmd.c:849:6:axis_SubFun39	8	static
../Core/Phoropter/Src/axis_cmd.c:871:6:axis_SubFun40	8	static
../Core/Phoropter/Src/axis_cmd.c:891:6:axis_SubFun41	8	static
../Core/Phoropter/Src/axis_cmd.c:911:6:axis_SubFun42	8	static
../Core/Phoropter/Src/axis_cmd.c:932:6:axis_SubFun43	8	static
../Core/Phoropter/Src/axis_cmd.c:952:6:axis_SubFun44	8	static
../Core/Phoropter/Src/axis_cmd.c:973:6:axis_SubFun45	8	static
../Core/Phoropter/Src/axis_cmd.c:994:6:axis_SubFun46	8	static
../Core/Phoropter/Src/axis_cmd.c:1014:6:axis_SubFun47	8	static
../Core/Phoropter/Src/axis_cmd.c:1034:6:axis_SubFun48	8	static
../Core/Phoropter/Src/axis_cmd.c:1056:6:axis_SubFun49	8	static
../Core/Phoropter/Src/axis_cmd.c:1078:6:axis_SubFun50	8	static
../Core/Phoropter/Src/axis_cmd.c:1098:6:axis_SubFun51	8	static
../Core/Phoropter/Src/axis_cmd.c:1118:6:axis_SubFun52	8	static
../Core/Phoropter/Src/axis_cmd.c:1139:6:axis_SubFun53	8	static
../Core/Phoropter/Src/axis_cmd.c:1159:6:axis_SubFun54	8	static
../Core/Phoropter/Src/axis_cmd.c:1180:6:axis_SubFun55	8	static
../Core/Phoropter/Src/axis_cmd.c:1201:6:axis_SubFun56	8	static
../Core/Phoropter/Src/axis_cmd.c:1221:6:axis_SubFun57	8	static
../Core/Phoropter/Src/axis_cmd.c:1241:6:axis_SubFun58	8	static
../Core/Phoropter/Src/axis_cmd.c:1263:6:axis_SubFun59	8	static
../Core/Phoropter/Src/axis_cmd.c:1285:6:axis_SubFun60	8	static
../Core/Phoropter/Src/axis_cmd.c:1305:6:axis_SubFun61	8	static
../Core/Phoropter/Src/axis_cmd.c:1325:6:axis_SubFun62	8	static
../Core/Phoropter/Src/axis_cmd.c:1346:6:axis_SubFun63	8	static
../Core/Phoropter/Src/axis_cmd.c:1366:6:axis_SubFun64	8	static
../Core/Phoropter/Src/axis_cmd.c:1387:6:axis_SubFun65	8	static
../Core/Phoropter/Src/axis_cmd.c:1408:6:axis_SubFun66	8	static
../Core/Phoropter/Src/axis_cmd.c:1428:6:axis_SubFun67	8	static
../Core/Phoropter/Src/axis_cmd.c:1448:6:axis_SubFun68	8	static
../Core/Phoropter/Src/axis_cmd.c:1470:6:axis_SubFun69	8	static
../Core/Phoropter/Src/axis_cmd.c:1492:6:axis_SubFun70	8	static
../Core/Phoropter/Src/axis_cmd.c:1512:6:axis_SubFun71	8	static
../Core/Phoropter/Src/axis_cmd.c:1532:6:axis_SubFun72	8	static
../Core/Phoropter/Src/axis_cmd.c:1553:6:axis_SubFun73	8	static
../Core/Phoropter/Src/axis_cmd.c:1573:6:axis_SubFun74	8	static
../Core/Phoropter/Src/axis_cmd.c:1594:6:axis_SubFun75	8	static
../Core/Phoropter/Src/axis_cmd.c:1615:6:axis_SubFun76	8	static
../Core/Phoropter/Src/axis_cmd.c:1635:6:axis_SubFun77	8	static
../Core/Phoropter/Src/axis_cmd.c:1655:6:axis_SubFun78	8	static
../Core/Phoropter/Src/axis_cmd.c:1677:6:axis_SubFun79	8	static
../Core/Phoropter/Src/axis_cmd.c:1699:6:axis_SubFun80	8	static
../Core/Phoropter/Src/axis_cmd.c:1719:6:axis_SubFun81	8	static
../Core/Phoropter/Src/axis_cmd.c:1739:6:axis_SubFun82	8	static
../Core/Phoropter/Src/axis_cmd.c:1760:6:axis_SubFun83	8	static
../Core/Phoropter/Src/axis_cmd.c:1780:6:axis_SubFun84	8	static
../Core/Phoropter/Src/axis_cmd.c:1801:6:axis_SubFun85	8	static
../Core/Phoropter/Src/axis_cmd.c:1822:6:axis_SubFun86	8	static
../Core/Phoropter/Src/axis_cmd.c:1842:6:axis_SubFun87	8	static
../Core/Phoropter/Src/axis_cmd.c:1862:6:axis_SubFun88	8	static
../Core/Phoropter/Src/axis_cmd.c:1884:6:axis_SubFun89	8	static
../Core/Phoropter/Src/axis_cmd.c:1906:6:axis_SubFun90	8	static
../Core/Phoropter/Src/axis_cmd.c:1926:6:axis_SubFun91	8	static
../Core/Phoropter/Src/axis_cmd.c:1946:6:axis_SubFun92	8	static
../Core/Phoropter/Src/axis_cmd.c:1967:6:axis_SubFun93	8	static
../Core/Phoropter/Src/axis_cmd.c:1987:6:axis_SubFun94	8	static
../Core/Phoropter/Src/axis_cmd.c:2008:6:axis_SubFun95	8	static
../Core/Phoropter/Src/axis_cmd.c:2029:6:axis_SubFun96	8	static
../Core/Phoropter/Src/axis_cmd.c:2049:6:axis_SubFun97	8	static
../Core/Phoropter/Src/axis_cmd.c:2069:6:axis_SubFun98	8	static
../Core/Phoropter/Src/axis_cmd.c:2091:6:axis_SubFun99	8	static
../Core/Phoropter/Src/axis_cmd.c:2113:6:axis_SubFun100	8	static
../Core/Phoropter/Src/axis_cmd.c:2133:6:axis_SubFun101	8	static
../Core/Phoropter/Src/axis_cmd.c:2153:6:axis_SubFun102	8	static
../Core/Phoropter/Src/axis_cmd.c:2174:6:axis_SubFun103	8	static
../Core/Phoropter/Src/axis_cmd.c:2194:6:axis_SubFun104	8	static
../Core/Phoropter/Src/axis_cmd.c:2215:6:axis_SubFun105	8	static
../Core/Phoropter/Src/axis_cmd.c:2236:6:axis_SubFun106	8	static
../Core/Phoropter/Src/axis_cmd.c:2256:6:axis_SubFun107	8	static
../Core/Phoropter/Src/axis_cmd.c:2276:6:axis_SubFun108	8	static
../Core/Phoropter/Src/axis_cmd.c:2298:6:axis_SubFun109	8	static
../Core/Phoropter/Src/axis_cmd.c:2320:6:axis_SubFun110	8	static
../Core/Phoropter/Src/axis_cmd.c:2340:6:axis_SubFun111	8	static
../Core/Phoropter/Src/axis_cmd.c:2360:6:axis_SubFun112	8	static
../Core/Phoropter/Src/axis_cmd.c:2381:6:axis_SubFun113	8	static
../Core/Phoropter/Src/axis_cmd.c:2401:6:axis_SubFun114	8	static
../Core/Phoropter/Src/axis_cmd.c:2422:6:axis_SubFun115	8	static
../Core/Phoropter/Src/axis_cmd.c:2443:6:axis_SubFun116	8	static
../Core/Phoropter/Src/axis_cmd.c:2463:6:axis_SubFun117	8	static
../Core/Phoropter/Src/axis_cmd.c:2483:6:axis_SubFun118	8	static
../Core/Phoropter/Src/axis_cmd.c:2505:6:axis_SubFun119	8	static
../Core/Phoropter/Src/axis_cmd.c:2527:6:axis_SubFun120	8	static
../Core/Phoropter/Src/axis_cmd.c:2547:6:axis_SubFun121	8	static
../Core/Phoropter/Src/axis_cmd.c:2567:6:axis_SubFun122	8	static
../Core/Phoropter/Src/axis_cmd.c:2588:6:axis_SubFun123	8	static
../Core/Phoropter/Src/axis_cmd.c:2608:6:axis_SubFun124	8	static
../Core/Phoropter/Src/axis_cmd.c:2629:6:axis_SubFun125	8	static
../Core/Phoropter/Src/axis_cmd.c:2650:6:axis_SubFun126	8	static
../Core/Phoropter/Src/axis_cmd.c:2670:6:axis_SubFun127	8	static
../Core/Phoropter/Src/axis_cmd.c:2690:6:axis_SubFun128	8	static
../Core/Phoropter/Src/axis_cmd.c:2712:6:axis_SubFun129	8	static
../Core/Phoropter/Src/axis_cmd.c:2734:6:axis_SubFun130	8	static
../Core/Phoropter/Src/axis_cmd.c:2754:6:axis_SubFun131	8	static
../Core/Phoropter/Src/axis_cmd.c:2774:6:axis_SubFun132	8	static
../Core/Phoropter/Src/axis_cmd.c:2795:6:axis_SubFun133	8	static
../Core/Phoropter/Src/axis_cmd.c:2815:6:axis_SubFun134	8	static
../Core/Phoropter/Src/axis_cmd.c:2836:6:axis_SubFun135	8	static
../Core/Phoropter/Src/axis_cmd.c:2857:6:axis_SubFun136	8	static
../Core/Phoropter/Src/axis_cmd.c:2877:6:axis_SubFun137	8	static
../Core/Phoropter/Src/axis_cmd.c:2897:6:axis_SubFun138	8	static
../Core/Phoropter/Src/axis_cmd.c:2919:6:axis_SubFun139	8	static
../Core/Phoropter/Src/axis_cmd.c:2941:6:axis_SubFun140	8	static
../Core/Phoropter/Src/axis_cmd.c:2961:6:axis_SubFun141	8	static
../Core/Phoropter/Src/axis_cmd.c:2981:6:axis_SubFun142	8	static
../Core/Phoropter/Src/axis_cmd.c:3002:6:axis_SubFun143	8	static
../Core/Phoropter/Src/axis_cmd.c:3022:6:axis_SubFun144	8	static
../Core/Phoropter/Src/axis_cmd.c:3043:6:axis_SubFun145	8	static
../Core/Phoropter/Src/axis_cmd.c:3064:6:axis_SubFun146	8	static
../Core/Phoropter/Src/axis_cmd.c:3084:6:axis_SubFun147	8	static
../Core/Phoropter/Src/axis_cmd.c:3104:6:axis_SubFun148	8	static
../Core/Phoropter/Src/axis_cmd.c:3126:6:axis_SubFun149	8	static
../Core/Phoropter/Src/axis_cmd.c:3148:6:axis_SubFun150	8	static
../Core/Phoropter/Src/axis_cmd.c:3168:6:axis_SubFun151	8	static
../Core/Phoropter/Src/axis_cmd.c:3188:6:axis_SubFun152	8	static
../Core/Phoropter/Src/axis_cmd.c:3209:6:axis_SubFun153	8	static
../Core/Phoropter/Src/axis_cmd.c:3229:6:axis_SubFun154	8	static
../Core/Phoropter/Src/axis_cmd.c:3250:6:axis_SubFun155	8	static
../Core/Phoropter/Src/axis_cmd.c:3271:6:axis_SubFun156	8	static
../Core/Phoropter/Src/axis_cmd.c:3291:6:axis_SubFun157	8	static
../Core/Phoropter/Src/axis_cmd.c:3311:6:axis_SubFun158	8	static
../Core/Phoropter/Src/axis_cmd.c:3333:6:axis_SubFun159	8	static
../Core/Phoropter/Src/axis_cmd.c:3355:6:axis_SubFun160	8	static
../Core/Phoropter/Src/axis_cmd.c:3375:6:axis_SubFun161	8	static
../Core/Phoropter/Src/axis_cmd.c:3395:6:axis_SubFun162	8	static
../Core/Phoropter/Src/axis_cmd.c:3416:6:axis_SubFun163	8	static
../Core/Phoropter/Src/axis_cmd.c:3436:6:axis_SubFun164	8	static
../Core/Phoropter/Src/axis_cmd.c:3457:6:axis_SubFun165	8	static
../Core/Phoropter/Src/axis_cmd.c:3478:6:axis_SubFun166	8	static
../Core/Phoropter/Src/axis_cmd.c:3498:6:axis_SubFun167	8	static
../Core/Phoropter/Src/axis_cmd.c:3518:6:axis_SubFun168	8	static
../Core/Phoropter/Src/axis_cmd.c:3540:6:axis_SubFun169	8	static
../Core/Phoropter/Src/axis_cmd.c:3562:6:axis_SubFun170	8	static
../Core/Phoropter/Src/axis_cmd.c:3582:6:axis_SubFun171	8	static
../Core/Phoropter/Src/axis_cmd.c:3602:6:axis_SubFun172	8	static
../Core/Phoropter/Src/axis_cmd.c:3623:6:axis_SubFun173	8	static
../Core/Phoropter/Src/axis_cmd.c:3643:6:axis_SubFun174	8	static
../Core/Phoropter/Src/axis_cmd.c:3664:6:axis_SubFun175	8	static
../Core/Phoropter/Src/axis_cmd.c:3685:6:axis_SubFun176	8	static
../Core/Phoropter/Src/axis_cmd.c:3705:6:axis_SubFun177	8	static
../Core/Phoropter/Src/axis_cmd.c:3725:6:axis_SubFun178	8	static
../Core/Phoropter/Src/axis_cmd.c:3747:6:axis_SubFun179	8	static
../Core/Phoropter/Src/axis_cmd.c:3769:6:axis_SubFun180	8	static
../Core/Phoropter/Src/axis_cmd.c:3789:6:axis_SubFun181	8	static
