../Core/Phoropter/Src/cyl_cmd.c:23:9:cyl_cmd	16	static
../Core/Phoropter/Src/cyl_cmd.c:63:6:cyl_SubFun1	8	static
../Core/Phoropter/Src/cyl_cmd.c:98:6:cyl_SubFun2	8	static
../Core/Phoropter/Src/cyl_cmd.c:133:6:cyl_SubFun3	8	static
../Core/Phoropter/Src/cyl_cmd.c:169:6:cyl_SubFun4	8	static
../Core/Phoropter/Src/cyl_cmd.c:204:6:cyl_SubFun5	8	static
../Core/Phoropter/Src/cyl_cmd.c:239:6:cyl_SubFun6	8	static
../Core/Phoropter/Src/cyl_cmd.c:274:6:cyl_SubFun7	8	static
../Core/Phoropter/Src/cyl_cmd.c:309:6:cyl_SubFun8	8	static
../Core/Phoropter/Src/cyl_cmd.c:345:6:cyl_SubFun9	8	static
../Core/Phoropter/Src/cyl_cmd.c:381:6:cyl_SubFun10	8	static
../Core/Phoropter/Src/cyl_cmd.c:417:6:cyl_SubFun11	8	static
../Core/Phoropter/Src/cyl_cmd.c:454:6:cyl_SubFun12	8	static
../Core/Phoropter/Src/cyl_cmd.c:490:6:cyl_SubFun13	8	static
../Core/Phoropter/Src/cyl_cmd.c:525:6:cyl_SubFun14	8	static
../Core/Phoropter/Src/cyl_cmd.c:561:6:cyl_SubFun15	8	static
../Core/Phoropter/Src/cyl_cmd.c:598:6:cyl_SubFun16	8	static
../Core/Phoropter/Src/cyl_cmd.c:635:6:cyl_SubFun17	8	static
../Core/Phoropter/Src/cyl_cmd.c:671:6:cyl_SubFun18	8	static
../Core/Phoropter/Src/cyl_cmd.c:707:6:cyl_SubFun19	8	static
../Core/Phoropter/Src/cyl_cmd.c:743:6:cyl_SubFun20	8	static
../Core/Phoropter/Src/cyl_cmd.c:779:6:cyl_SubFun21	8	static
../Core/Phoropter/Src/cyl_cmd.c:815:6:cyl_SubFun22	8	static
../Core/Phoropter/Src/cyl_cmd.c:852:6:cyl_SubFun23	8	static
../Core/Phoropter/Src/cyl_cmd.c:890:6:cyl_SubFun24	8	static
../Core/Phoropter/Src/cyl_cmd.c:927:6:cyl_SubFun25	8	static
../Core/Phoropter/Src/cyl_cmd.c:963:6:cyl_SubFun26	8	static
../Core/Phoropter/Src/cyl_cmd.c:999:6:cyl_SubFun27	8	static
../Core/Phoropter/Src/cyl_cmd.c:1035:6:cyl_SubFun28	8	static
../Core/Phoropter/Src/cyl_cmd.c:1071:6:cyl_SubFun29	8	static
../Core/Phoropter/Src/cyl_cmd.c:1107:6:cyl_SubFun30	8	static
../Core/Phoropter/Src/cyl_cmd.c:1143:6:cyl_SubFun31	8	static
../Core/Phoropter/Src/cyl_cmd.c:1179:6:cyl_SubFun32	8	static
../Core/Phoropter/Src/cyl_cmd.c:1219:6:cyl_SubFun33	8	static
../Core/Phoropter/Src/cyl_cmd.c:1258:6:cyl_SubFun34	8	static
../Core/Phoropter/Src/cyl_cmd.c:1297:6:cyl_SubFun35	8	static
../Core/Phoropter/Src/cyl_cmd.c:1337:6:cyl_SubFun36	8	static
../Core/Phoropter/Src/cyl_cmd.c:1377:6:cyl_SubFun37	8	static
../Core/Phoropter/Src/cyl_cmd.c:1415:6:cyl_SubFun38	8	static
../Core/Phoropter/Src/cyl_cmd.c:1454:6:cyl_SubFun39	8	static
../Core/Phoropter/Src/cyl_cmd.c:1498:6:cyl_SubFun40	8	static
../Core/Phoropter/Src/cyl_cmd.c:1540:6:cyl_SubFun41	8	static
../Core/Phoropter/Src/cyl_cmd.c:1582:6:cyl_SubFun42	8	static
../Core/Phoropter/Src/cyl_cmd.c:1624:6:cyl_SubFun43	8	static
../Core/Phoropter/Src/cyl_cmd.c:1667:6:cyl_SubFun44	8	static
../Core/Phoropter/Src/cyl_cmd.c:1709:6:cyl_SubFun45	8	static
../Core/Phoropter/Src/cyl_cmd.c:1751:6:cyl_SubFun46	8	static
../Core/Phoropter/Src/cyl_cmd.c:1793:6:cyl_SubFun47	8	static
../Core/Phoropter/Src/cyl_cmd.c:1834:6:cyl_SubFun48	8	static
../Core/Phoropter/Src/cyl_cmd.c:1876:6:cyl_SubFun49	8	static
../Core/Phoropter/Src/cyl_cmd.c:1919:6:cyl_SubFun50	8	static
../Core/Phoropter/Src/cyl_cmd.c:1961:6:cyl_SubFun51	8	static
../Core/Phoropter/Src/cyl_cmd.c:2003:6:cyl_SubFun52	8	static
../Core/Phoropter/Src/cyl_cmd.c:2045:6:cyl_SubFun53	8	static
../Core/Phoropter/Src/cyl_cmd.c:2087:6:cyl_SubFun54	8	static
../Core/Phoropter/Src/cyl_cmd.c:2130:6:cyl_SubFun55	8	static
../Core/Phoropter/Src/cyl_cmd.c:2172:6:cyl_SubFun56	8	static
../Core/Phoropter/Src/cyl_cmd.c:2214:6:cyl_SubFun57	8	static
../Core/Phoropter/Src/cyl_cmd.c:2256:6:cyl_SubFun58	8	static
../Core/Phoropter/Src/cyl_cmd.c:2298:6:cyl_SubFun59	8	static
../Core/Phoropter/Src/cyl_cmd.c:2341:6:cyl_SubFun60	8	static
../Core/Phoropter/Src/cyl_cmd.c:2383:6:cyl_SubFun61	8	static
../Core/Phoropter/Src/cyl_cmd.c:2425:6:cyl_SubFun62	8	static
../Core/Phoropter/Src/cyl_cmd.c:2467:6:cyl_SubFun63	8	static
../Core/Phoropter/Src/cyl_cmd.c:2510:6:cyl_SubFun64	8	static
../Core/Phoropter/Src/cyl_cmd.c:2549:6:cyl_SubFun65	8	static
../Core/Phoropter/Src/cyl_cmd.c:2576:6:cyl_SubFun66	8	static
