../Core/Phoropter/Src/Disc_cal.c:23:9:Disc_cmd	16	static
../Core/Phoropter/Src/Disc_cal.c:58:6:disc1_inc	8	static
../Core/Phoropter/Src/Disc_cal.c:83:6:disc1_dec	8	static
../Core/Phoropter/Src/Disc_cal.c:109:6:disc2_inc	8	static
../Core/Phoropter/Src/Disc_cal.c:135:6:disc2_dec	8	static
../Core/Phoropter/Src/Disc_cal.c:160:6:disc3_inc	8	static
../Core/Phoropter/Src/Disc_cal.c:185:6:disc3_dec	8	static
../Core/Phoropter/Src/Disc_cal.c:210:6:disc4_inc	8	static
../Core/Phoropter/Src/Disc_cal.c:235:6:disc4_dec	8	static
../Core/Phoropter/Src/Disc_cal.c:260:6:disc5_inc	8	static
../Core/Phoropter/Src/Disc_cal.c:285:6:disc5_dec	8	static
../Core/Phoropter/Src/Disc_cal.c:310:6:disc6_inc	8	static
../Core/Phoropter/Src/Disc_cal.c:335:6:disc6_dec	8	static
../Core/Phoropter/Src/Disc_cal.c:359:6:PD_inc	8	static
../Core/Phoropter/Src/Disc_cal.c:377:6:PD_dec	8	static
../Core/Phoropter/Src/Disc_cal.c:395:6:Axis_inc	8	static
../Core/Phoropter/Src/Disc_cal.c:412:6:Axis_dec	8	static
../Core/Phoropter/Src/Disc_cal.c:430:6:prism1_inc	8	static
../Core/Phoropter/Src/Disc_cal.c:449:6:prism1_dec	8	static
../Core/Phoropter/Src/Disc_cal.c:468:6:prism2_inc	8	static
../Core/Phoropter/Src/Disc_cal.c:487:6:prism2_dec	8	static
