../Core/Phoropter/Src/PD_cmd.c:24:9:PD_cmd	16	static
../Core/Phoropter/Src/PD_cmd.c:64:6:PD1_SubFun1	8	static
../Core/Phoropter/Src/PD_cmd.c:86:6:PD1_SubFun2	8	static
../Core/Phoropter/Src/PD_cmd.c:108:6:PD1_SubFun3	8	static
../Core/Phoropter/Src/PD_cmd.c:130:6:PD1_SubFun4	8	static
../Core/Phoropter/Src/PD_cmd.c:152:6:PD1_SubFun5	8	static
../Core/Phoropter/Src/PD_cmd.c:174:6:PD1_SubFun6	8	static
../Core/Phoropter/Src/PD_cmd.c:197:6:PD1_SubFun7	8	static
../Core/Phoropter/Src/PD_cmd.c:219:6:PD1_SubFun8	8	static
../Core/Phoropter/Src/PD_cmd.c:241:6:PD1_SubFun9	8	static
../Core/Phoropter/Src/PD_cmd.c:263:6:PD1_SubFun10	8	static
../Core/Phoropter/Src/PD_cmd.c:285:6:PD1_SubFun11	8	static
../Core/Phoropter/Src/PD_cmd.c:307:6:PD1_SubFun12	8	static
../Core/Phoropter/Src/PD_cmd.c:329:6:PD1_SubFun13	8	static
../Core/Phoropter/Src/PD_cmd.c:351:6:PD1_SubFun14	8	static
../Core/Phoropter/Src/PD_cmd.c:373:6:PD1_SubFun15	8	static
../Core/Phoropter/Src/PD_cmd.c:395:6:PD1_SubFun16	8	static
../Core/Phoropter/Src/PD_cmd.c:417:6:PD1_SubFun17	8	static
../Core/Phoropter/Src/PD_cmd.c:439:6:PD1_SubFun18	8	static
../Core/Phoropter/Src/PD_cmd.c:461:6:PD1_SubFun19	8	static
../Core/Phoropter/Src/PD_cmd.c:483:6:PD1_SubFun20	8	static
../Core/Phoropter/Src/PD_cmd.c:505:6:PD1_SubFun21	8	static
../Core/Phoropter/Src/PD_cmd.c:527:6:PD1_SubFun22	8	static
../Core/Phoropter/Src/PD_cmd.c:549:6:PD1_SubFun23	8	static
../Core/Phoropter/Src/PD_cmd.c:571:6:PD1_SubFun24	8	static
../Core/Phoropter/Src/PD_cmd.c:593:6:PD1_SubFun25	8	static
../Core/Phoropter/Src/PD_cmd.c:615:6:PD1_SubFun26	8	static
../Core/Phoropter/Src/PD_cmd.c:637:6:PD1_SubFun27	8	static
../Core/Phoropter/Src/PD_cmd.c:659:6:PD1_SubFun28	8	static
../Core/Phoropter/Src/PD_cmd.c:681:6:PD1_SubFun29	8	static
../Core/Phoropter/Src/PD_cmd.c:703:6:PD1_SubFun30	8	static
../Core/Phoropter/Src/PD_cmd.c:725:6:PD1_SubFun31	8	static
../Core/Phoropter/Src/PD_cmd.c:746:6:PD1_SubFun32	8	static
../Core/Phoropter/Src/PD_cmd.c:768:6:PD1_SubFun33	8	static
../Core/Phoropter/Src/PD_cmd.c:790:6:PD1_SubFun34	8	static
../Core/Phoropter/Src/PD_cmd.c:812:6:PD1_SubFun35	8	static
../Core/Phoropter/Src/PD_cmd.c:834:6:PD1_SubFun36	8	static
../Core/Phoropter/Src/PD_cmd.c:856:6:PD1_SubFun37	8	static
../Core/Phoropter/Src/PD_cmd.c:878:6:PD1_SubFun38	8	static
../Core/Phoropter/Src/PD_cmd.c:900:6:PD1_SubFun39	8	static
../Core/Phoropter/Src/PD_cmd.c:922:6:PD1_SubFun40	8	static
../Core/Phoropter/Src/PD_cmd.c:944:6:PD1_SubFun41	8	static
../Core/Phoropter/Src/PD_cmd.c:966:6:PD1_SubFun42	8	static
../Core/Phoropter/Src/PD_cmd.c:988:6:PD1_SubFun43	8	static
../Core/Phoropter/Src/PD_cmd.c:1010:6:PD1_SubFun44	8	static
../Core/Phoropter/Src/PD_cmd.c:1032:6:PD1_SubFun45	8	static
../Core/Phoropter/Src/PD_cmd.c:1054:6:PD1_SubFun46	8	static
../Core/Phoropter/Src/PD_cmd.c:1076:6:PD1_SubFun47	8	static
../Core/Phoropter/Src/PD_cmd.c:1098:6:PD1_SubFun48	8	static
../Core/Phoropter/Src/PD_cmd.c:1120:6:PD1_SubFun49	8	static
../Core/Phoropter/Src/PD_cmd.c:1142:6:PD1_SubFun50	8	static
../Core/Phoropter/Src/PD_cmd.c:1164:6:PD1_SubFun51	8	static
../Core/Phoropter/Src/PD_cmd.c:1186:6:PD1_SubFun52	8	static
../Core/Phoropter/Src/PD_cmd.c:1208:6:PD1_SubFun53	8	static
../Core/Phoropter/Src/PD_cmd.c:1230:6:PD1_SubFun54	8	static
../Core/Phoropter/Src/PD_cmd.c:1252:6:PD1_SubFun55	8	static
../Core/Phoropter/Src/PD_cmd.c:1274:6:PD1_SubFun56	8	static
../Core/Phoropter/Src/PD_cmd.c:1296:6:PD1_SubFun57	8	static
../Core/Phoropter/Src/PD_cmd.c:1318:6:PD1_SubFun58	8	static
../Core/Phoropter/Src/PD_cmd.c:1340:6:PD1_SubFun59	8	static
../Core/Phoropter/Src/PD_cmd.c:1362:6:PD1_SubFun60	8	static
../Core/Phoropter/Src/PD_cmd.c:1382:6:PD1_SubFun61	8	static
../Core/Phoropter/Src/PD_cmd.c:1397:6:PD1_SubFun62	8	static
