../Core/Phoropter/Src/Prism_hor_cmd.c:24:9:Prism_hor_cmd	16	static
../Core/Phoropter/Src/Prism_hor_cmd.c:63:6:Prism_hor_SubFun1	8	static
../Core/Phoropter/Src/Prism_hor_cmd.c:85:6:Prism_hor_SubFun2	8	static
../Core/Phoropter/Src/Prism_hor_cmd.c:105:6:Prism_hor_SubFun3	8	static
../Core/Phoropter/Src/Prism_hor_cmd.c:126:6:Prism_hor_SubFun4	8	static
../Core/Phoropter/Src/Prism_hor_cmd.c:147:6:Prism_hor_SubFun5	8	static
../Core/Phoropter/Src/Prism_hor_cmd.c:167:6:Prism_hor_SubFun6	8	static
../Core/Phoropter/Src/Prism_hor_cmd.c:187:6:Prism_hor_SubFun7	8	static
../Core/Phoropter/Src/Prism_hor_cmd.c:208:6:Prism_hor_SubFun8	8	static
../Core/Phoropter/Src/Prism_hor_cmd.c:229:6:Prism_hor_SubFun9	8	static
../Core/Phoropter/Src/Prism_hor_cmd.c:250:6:Prism_hor_SubFun10	8	static
../Core/Phoropter/Src/Prism_hor_cmd.c:271:6:Prism_hor_SubFun11	8	static
../Core/Phoropter/Src/Prism_hor_cmd.c:293:6:Prism_hor_SubFun12	8	static
../Core/Phoropter/Src/Prism_hor_cmd.c:314:6:Prism_hor_SubFun13	8	static
../Core/Phoropter/Src/Prism_hor_cmd.c:335:6:Prism_hor_SubFun14	8	static
../Core/Phoropter/Src/Prism_hor_cmd.c:356:6:Prism_hor_SubFun15	8	static
../Core/Phoropter/Src/Prism_hor_cmd.c:377:6:Prism_hor_SubFun16	8	static
../Core/Phoropter/Src/Prism_hor_cmd.c:398:6:Prism_hor_SubFun17	8	static
../Core/Phoropter/Src/Prism_hor_cmd.c:419:6:Prism_hor_SubFun18	8	static
../Core/Phoropter/Src/Prism_hor_cmd.c:440:6:Prism_hor_SubFun19	8	static
../Core/Phoropter/Src/Prism_hor_cmd.c:461:6:Prism_hor_SubFun20	8	static
../Core/Phoropter/Src/Prism_hor_cmd.c:483:6:Prism_hor_SubFun21	8	static
../Core/Phoropter/Src/Prism_hor_cmd.c:505:6:Prism_hor_SubFun22	8	static
../Core/Phoropter/Src/Prism_hor_cmd.c:526:6:Prism_hor_SubFun23	8	static
../Core/Phoropter/Src/Prism_hor_cmd.c:547:6:Prism_hor_SubFun24	8	static
../Core/Phoropter/Src/Prism_hor_cmd.c:568:6:Prism_hor_SubFun25	8	static
../Core/Phoropter/Src/Prism_hor_cmd.c:589:6:Prism_hor_SubFun26	8	static
../Core/Phoropter/Src/Prism_hor_cmd.c:610:6:Prism_hor_SubFun27	8	static
../Core/Phoropter/Src/Prism_hor_cmd.c:631:6:Prism_hor_SubFun28	8	static
../Core/Phoropter/Src/Prism_hor_cmd.c:652:6:Prism_hor_SubFun29	8	static
../Core/Phoropter/Src/Prism_hor_cmd.c:673:6:Prism_hor_SubFun30	8	static
../Core/Phoropter/Src/Prism_hor_cmd.c:694:6:Prism_hor_SubFun31	8	static
../Core/Phoropter/Src/Prism_hor_cmd.c:716:6:Prism_hor_SubFun32	8	static
../Core/Phoropter/Src/Prism_hor_cmd.c:738:6:Prism_hor_SubFun33	8	static
../Core/Phoropter/Src/Prism_hor_cmd.c:759:6:Prism_hor_SubFun34	8	static
../Core/Phoropter/Src/Prism_hor_cmd.c:781:6:Prism_hor_SubFun35	8	static
../Core/Phoropter/Src/Prism_hor_cmd.c:803:6:Prism_hor_SubFun36	8	static
../Core/Phoropter/Src/Prism_hor_cmd.c:825:6:Prism_hor_SubFun37	8	static
../Core/Phoropter/Src/Prism_hor_cmd.c:847:6:Prism_hor_SubFun38	8	static
../Core/Phoropter/Src/Prism_hor_cmd.c:869:6:Prism_hor_SubFun39	8	static
../Core/Phoropter/Src/Prism_hor_cmd.c:891:6:Prism_hor_SubFun40	8	static
../Core/Phoropter/Src/Prism_hor_cmd.c:913:6:Prism_hor_SubFun41	8	static
../Core/Phoropter/Src/Prism_hor_cmd.c:935:6:Prism_hor_SubFun42	8	static
../Core/Phoropter/Src/Prism_hor_cmd.c:957:6:Prism_hor_SubFun43	8	static
../Core/Phoropter/Src/Prism_hor_cmd.c:979:6:Prism_hor_SubFun44	8	static
../Core/Phoropter/Src/Prism_hor_cmd.c:1001:6:Prism_hor_SubFun45	8	static
../Core/Phoropter/Src/Prism_hor_cmd.c:1023:6:Prism_hor_SubFun46	8	static
../Core/Phoropter/Src/Prism_hor_cmd.c:1045:6:Prism_hor_SubFun47	8	static
../Core/Phoropter/Src/Prism_hor_cmd.c:1067:6:Prism_hor_SubFun48	8	static
../Core/Phoropter/Src/Prism_hor_cmd.c:1089:6:Prism_hor_SubFun49	8	static
../Core/Phoropter/Src/Prism_hor_cmd.c:1111:6:Prism_hor_SubFun50	8	static
../Core/Phoropter/Src/Prism_hor_cmd.c:1133:6:Prism_hor_SubFun51	8	static
../Core/Phoropter/Src/Prism_hor_cmd.c:1155:6:Prism_hor_SubFun52	8	static
../Core/Phoropter/Src/Prism_hor_cmd.c:1177:6:Prism_hor_SubFun53	8	static
../Core/Phoropter/Src/Prism_hor_cmd.c:1199:6:Prism_hor_SubFun54	8	static
../Core/Phoropter/Src/Prism_hor_cmd.c:1221:6:Prism_hor_SubFun55	8	static
../Core/Phoropter/Src/Prism_hor_cmd.c:1243:6:Prism_hor_SubFun56	8	static
../Core/Phoropter/Src/Prism_hor_cmd.c:1265:6:Prism_hor_SubFun57	8	static
../Core/Phoropter/Src/Prism_hor_cmd.c:1287:6:Prism_hor_SubFun58	8	static
../Core/Phoropter/Src/Prism_hor_cmd.c:1309:6:Prism_hor_SubFun59	8	static
../Core/Phoropter/Src/Prism_hor_cmd.c:1331:6:Prism_hor_SubFun60	8	static
../Core/Phoropter/Src/Prism_hor_cmd.c:1353:6:Prism_hor_SubFun61	8	static
../Core/Phoropter/Src/Prism_hor_cmd.c:1375:6:Prism_hor_SubFun62	8	static
../Core/Phoropter/Src/Prism_hor_cmd.c:1397:6:Prism_hor_SubFun63	8	static
../Core/Phoropter/Src/Prism_hor_cmd.c:1419:6:Prism_hor_SubFun64	8	static
../Core/Phoropter/Src/Prism_hor_cmd.c:1441:6:Prism_hor_SubFun65	8	static
../Core/Phoropter/Src/Prism_hor_cmd.c:1463:6:Prism_hor_SubFun66	8	static
../Core/Phoropter/Src/Prism_hor_cmd.c:1485:6:Prism_hor_SubFun67	8	static
../Core/Phoropter/Src/Prism_hor_cmd.c:1507:6:Prism_hor_SubFun68	8	static
../Core/Phoropter/Src/Prism_hor_cmd.c:1529:6:Prism_hor_SubFun69	8	static
../Core/Phoropter/Src/Prism_hor_cmd.c:1551:6:Prism_hor_SubFun70	8	static
../Core/Phoropter/Src/Prism_hor_cmd.c:1573:6:Prism_hor_SubFun71	8	static
../Core/Phoropter/Src/Prism_hor_cmd.c:1595:6:Prism_hor_SubFun72	8	static
../Core/Phoropter/Src/Prism_hor_cmd.c:1617:6:Prism_hor_SubFun73	8	static
../Core/Phoropter/Src/Prism_hor_cmd.c:1639:6:Prism_hor_SubFun74	8	static
../Core/Phoropter/Src/Prism_hor_cmd.c:1661:6:Prism_hor_SubFun75	8	static
../Core/Phoropter/Src/Prism_hor_cmd.c:1683:6:Prism_hor_SubFun76	8	static
../Core/Phoropter/Src/Prism_hor_cmd.c:1705:6:Prism_hor_SubFun77	8	static
../Core/Phoropter/Src/Prism_hor_cmd.c:1727:6:Prism_hor_SubFun78	8	static
../Core/Phoropter/Src/Prism_hor_cmd.c:1749:6:Prism_hor_SubFun79	8	static
../Core/Phoropter/Src/Prism_hor_cmd.c:1771:6:Prism_hor_SubFun80	8	static
../Core/Phoropter/Src/Prism_hor_cmd.c:1793:6:Prism_hor_SubFun81	8	static
../Core/Phoropter/Src/Prism_hor_cmd.c:1815:6:Prism_hor_SubFun82	8	static
../Core/Phoropter/Src/Prism_hor_cmd.c:1837:6:Prism_hor_SubFun83	8	static
../Core/Phoropter/Src/Prism_hor_cmd.c:1859:6:Prism_hor_SubFun84	8	static
../Core/Phoropter/Src/Prism_hor_cmd.c:1881:6:Prism_hor_SubFun85	8	static
../Core/Phoropter/Src/Prism_hor_cmd.c:1903:6:Prism_hor_SubFun86	8	static
../Core/Phoropter/Src/Prism_hor_cmd.c:1925:6:Prism_hor_SubFun87	8	static
../Core/Phoropter/Src/Prism_hor_cmd.c:1947:6:Prism_hor_SubFun88	8	static
../Core/Phoropter/Src/Prism_hor_cmd.c:1969:6:Prism_hor_SubFun89	8	static
../Core/Phoropter/Src/Prism_hor_cmd.c:1991:6:Prism_hor_SubFun90	8	static
../Core/Phoropter/Src/Prism_hor_cmd.c:2013:6:Prism_hor_SubFun91	8	static
../Core/Phoropter/Src/Prism_hor_cmd.c:2035:6:Prism_hor_SubFun92	8	static
../Core/Phoropter/Src/Prism_hor_cmd.c:2057:6:Prism_hor_SubFun93	8	static
../Core/Phoropter/Src/Prism_hor_cmd.c:2079:6:Prism_hor_SubFun94	8	static
../Core/Phoropter/Src/Prism_hor_cmd.c:2101:6:Prism_hor_SubFun95	8	static
../Core/Phoropter/Src/Prism_hor_cmd.c:2123:6:Prism_hor_SubFun96	8	static
../Core/Phoropter/Src/Prism_hor_cmd.c:2145:6:Prism_hor_SubFun97	8	static
../Core/Phoropter/Src/Prism_hor_cmd.c:2167:6:Prism_hor_SubFun98	8	static
../Core/Phoropter/Src/Prism_hor_cmd.c:2189:6:Prism_hor_SubFun99	8	static
../Core/Phoropter/Src/Prism_hor_cmd.c:2211:6:Prism_hor_SubFun100	8	static
../Core/Phoropter/Src/Prism_hor_cmd.c:2233:6:Prism_hor_SubFun101	8	static
../Core/Phoropter/Src/Prism_hor_cmd.c:2255:6:Prism_hor_SubFun102	8	static
../Core/Phoropter/Src/Prism_hor_cmd.c:2277:6:Prism_hor_SubFun103	8	static
../Core/Phoropter/Src/Prism_hor_cmd.c:2299:6:Prism_hor_SubFun104	8	static
../Core/Phoropter/Src/Prism_hor_cmd.c:2321:6:Prism_hor_SubFun105	8	static
../Core/Phoropter/Src/Prism_hor_cmd.c:2343:6:Prism_hor_SubFun106	8	static
../Core/Phoropter/Src/Prism_hor_cmd.c:2365:6:Prism_hor_SubFun107	8	static
../Core/Phoropter/Src/Prism_hor_cmd.c:2387:6:Prism_hor_SubFun108	8	static
../Core/Phoropter/Src/Prism_hor_cmd.c:2409:6:Prism_hor_SubFun109	8	static
../Core/Phoropter/Src/Prism_hor_cmd.c:2431:6:Prism_hor_SubFun110	8	static
../Core/Phoropter/Src/Prism_hor_cmd.c:2453:6:Prism_hor_SubFun111	8	static
../Core/Phoropter/Src/Prism_hor_cmd.c:2475:6:Prism_hor_SubFun112	8	static
../Core/Phoropter/Src/Prism_hor_cmd.c:2497:6:Prism_hor_SubFun113	8	static
../Core/Phoropter/Src/Prism_hor_cmd.c:2519:6:Prism_hor_SubFun114	8	static
../Core/Phoropter/Src/Prism_hor_cmd.c:2541:6:Prism_hor_SubFun115	8	static
../Core/Phoropter/Src/Prism_hor_cmd.c:2563:6:Prism_hor_SubFun116	8	static
../Core/Phoropter/Src/Prism_hor_cmd.c:2585:6:Prism_hor_SubFun117	8	static
../Core/Phoropter/Src/Prism_hor_cmd.c:2607:6:Prism_hor_SubFun118	8	static
../Core/Phoropter/Src/Prism_hor_cmd.c:2629:6:Prism_hor_SubFun119	8	static
../Core/Phoropter/Src/Prism_hor_cmd.c:2651:6:Prism_hor_SubFun120	8	static
../Core/Phoropter/Src/Prism_hor_cmd.c:2673:6:Prism_hor_SubFun121	8	static
../Core/Phoropter/Src/Prism_hor_cmd.c:2695:6:Prism_hor_SubFun122	8	static
../Core/Phoropter/Src/Prism_hor_cmd.c:2717:6:Prism_hor_SubFun123	8	static
../Core/Phoropter/Src/Prism_hor_cmd.c:2739:6:Prism_hor_SubFun124	8	static
../Core/Phoropter/Src/Prism_hor_cmd.c:2761:6:Prism_hor_SubFun125	8	static
../Core/Phoropter/Src/Prism_hor_cmd.c:2783:6:Prism_hor_SubFun126	8	static
../Core/Phoropter/Src/Prism_hor_cmd.c:2805:6:Prism_hor_SubFun127	8	static
../Core/Phoropter/Src/Prism_hor_cmd.c:2827:6:Prism_hor_SubFun128	8	static
../Core/Phoropter/Src/Prism_hor_cmd.c:2849:6:Prism_hor_SubFun129	8	static
../Core/Phoropter/Src/Prism_hor_cmd.c:2871:6:Prism_hor_SubFun130	8	static
../Core/Phoropter/Src/Prism_hor_cmd.c:2893:6:Prism_hor_SubFun131	8	static
../Core/Phoropter/Src/Prism_hor_cmd.c:2915:6:Prism_hor_SubFun132	8	static
../Core/Phoropter/Src/Prism_hor_cmd.c:2937:6:Prism_hor_SubFun133	8	static
../Core/Phoropter/Src/Prism_hor_cmd.c:2959:6:Prism_hor_SubFun134	8	static
../Core/Phoropter/Src/Prism_hor_cmd.c:2981:6:Prism_hor_SubFun135	8	static
../Core/Phoropter/Src/Prism_hor_cmd.c:3003:6:Prism_hor_SubFun136	8	static
../Core/Phoropter/Src/Prism_hor_cmd.c:3025:6:Prism_hor_SubFun137	8	static
../Core/Phoropter/Src/Prism_hor_cmd.c:3047:6:Prism_hor_SubFun138	8	static
../Core/Phoropter/Src/Prism_hor_cmd.c:3069:6:Prism_hor_SubFun139	8	static
../Core/Phoropter/Src/Prism_hor_cmd.c:3091:6:Prism_hor_SubFun140	8	static
../Core/Phoropter/Src/Prism_hor_cmd.c:3113:6:Prism_hor_SubFun141	8	static
../Core/Phoropter/Src/Prism_hor_cmd.c:3135:6:Prism_hor_SubFun142	8	static
../Core/Phoropter/Src/Prism_hor_cmd.c:3157:6:Prism_hor_SubFun143	8	static
../Core/Phoropter/Src/Prism_hor_cmd.c:3179:6:Prism_hor_SubFun144	8	static
../Core/Phoropter/Src/Prism_hor_cmd.c:3201:6:Prism_hor_SubFun145	8	static
../Core/Phoropter/Src/Prism_hor_cmd.c:3223:6:Prism_hor_SubFun146	8	static
../Core/Phoropter/Src/Prism_hor_cmd.c:3245:6:Prism_hor_SubFun147	8	static
../Core/Phoropter/Src/Prism_hor_cmd.c:3267:6:Prism_hor_SubFun148	8	static
../Core/Phoropter/Src/Prism_hor_cmd.c:3289:6:Prism_hor_SubFun149	8	static
../Core/Phoropter/Src/Prism_hor_cmd.c:3311:6:Prism_hor_SubFun150	8	static
../Core/Phoropter/Src/Prism_hor_cmd.c:3333:6:Prism_hor_SubFun151	8	static
../Core/Phoropter/Src/Prism_hor_cmd.c:3355:6:Prism_hor_SubFun152	8	static
../Core/Phoropter/Src/Prism_hor_cmd.c:3377:6:Prism_hor_SubFun153	8	static
../Core/Phoropter/Src/Prism_hor_cmd.c:3399:6:Prism_hor_SubFun154	8	static
../Core/Phoropter/Src/Prism_hor_cmd.c:3421:6:Prism_hor_SubFun155	8	static
../Core/Phoropter/Src/Prism_hor_cmd.c:3443:6:Prism_hor_SubFun156	8	static
../Core/Phoropter/Src/Prism_hor_cmd.c:3465:6:Prism_hor_SubFun157	8	static
../Core/Phoropter/Src/Prism_hor_cmd.c:3487:6:Prism_hor_SubFun158	8	static
../Core/Phoropter/Src/Prism_hor_cmd.c:3509:6:Prism_hor_SubFun159	8	static
../Core/Phoropter/Src/Prism_hor_cmd.c:3531:6:Prism_hor_SubFun160	8	static
../Core/Phoropter/Src/Prism_hor_cmd.c:3553:6:Prism_hor_SubFun161	8	static
../Core/Phoropter/Src/Prism_hor_cmd.c:3574:6:Prism_hor_SubFun162	8	static
