../Core/Phoropter/Src/Prism2_cmd.c:24:9:Prism2_cmd	16	static
../Core/Phoropter/Src/Prism2_cmd.c:63:6:Prism2_SubFun1	8	static
../Core/Phoropter/Src/Prism2_cmd.c:84:6:Prism2_SubFun2	8	static
../Core/Phoropter/Src/Prism2_cmd.c:103:6:Prism2_SubFun3	8	static
../Core/Phoropter/Src/Prism2_cmd.c:123:6:Prism2_SubFun4	8	static
../Core/Phoropter/Src/Prism2_cmd.c:143:6:Prism2_SubFun5	8	static
../Core/Phoropter/Src/Prism2_cmd.c:162:6:Prism2_SubFun6	8	static
../Core/Phoropter/Src/Prism2_cmd.c:181:6:Prism2_SubFun7	8	static
../Core/Phoropter/Src/Prism2_cmd.c:201:6:Prism2_SubFun8	8	static
../Core/Phoropter/Src/Prism2_cmd.c:221:6:Prism2_SubFun9	8	static
../Core/Phoropter/Src/Prism2_cmd.c:241:6:Prism2_SubFun10	8	static
../Core/Phoropter/Src/Prism2_cmd.c:261:6:Prism2_SubFun11	8	static
../Core/Phoropter/Src/Prism2_cmd.c:282:6:Prism2_SubFun12	8	static
../Core/Phoropter/Src/Prism2_cmd.c:302:6:Prism2_SubFun13	8	static
../Core/Phoropter/Src/Prism2_cmd.c:322:6:Prism2_SubFun14	8	static
../Core/Phoropter/Src/Prism2_cmd.c:342:6:Prism2_SubFun15	8	static
../Core/Phoropter/Src/Prism2_cmd.c:362:6:Prism2_SubFun16	8	static
../Core/Phoropter/Src/Prism2_cmd.c:382:6:Prism2_SubFun17	8	static
../Core/Phoropter/Src/Prism2_cmd.c:402:6:Prism2_SubFun18	8	static
../Core/Phoropter/Src/Prism2_cmd.c:422:6:Prism2_SubFun19	8	static
../Core/Phoropter/Src/Prism2_cmd.c:442:6:Prism2_SubFun20	8	static
../Core/Phoropter/Src/Prism2_cmd.c:463:6:Prism2_SubFun21	8	static
../Core/Phoropter/Src/Prism2_cmd.c:484:6:Prism2_SubFun22	8	static
../Core/Phoropter/Src/Prism2_cmd.c:504:6:Prism2_SubFun23	8	static
../Core/Phoropter/Src/Prism2_cmd.c:524:6:Prism2_SubFun24	8	static
../Core/Phoropter/Src/Prism2_cmd.c:544:6:Prism2_SubFun25	8	static
../Core/Phoropter/Src/Prism2_cmd.c:564:6:Prism2_SubFun26	8	static
../Core/Phoropter/Src/Prism2_cmd.c:584:6:Prism2_SubFun27	8	static
../Core/Phoropter/Src/Prism2_cmd.c:604:6:Prism2_SubFun28	8	static
../Core/Phoropter/Src/Prism2_cmd.c:624:6:Prism2_SubFun29	8	static
../Core/Phoropter/Src/Prism2_cmd.c:644:6:Prism2_SubFun30	8	static
../Core/Phoropter/Src/Prism2_cmd.c:664:6:Prism2_SubFun31	8	static
../Core/Phoropter/Src/Prism2_cmd.c:685:6:Prism2_SubFun32	8	static
../Core/Phoropter/Src/Prism2_cmd.c:706:6:Prism2_SubFun33	8	static
../Core/Phoropter/Src/Prism2_cmd.c:726:6:Prism2_SubFun34	8	static
../Core/Phoropter/Src/Prism2_cmd.c:747:6:Prism2_SubFun35	8	static
../Core/Phoropter/Src/Prism2_cmd.c:768:6:Prism2_SubFun36	8	static
../Core/Phoropter/Src/Prism2_cmd.c:789:6:Prism2_SubFun37	8	static
../Core/Phoropter/Src/Prism2_cmd.c:810:6:Prism2_SubFun38	8	static
../Core/Phoropter/Src/Prism2_cmd.c:831:6:Prism2_SubFun39	8	static
../Core/Phoropter/Src/Prism2_cmd.c:852:6:Prism2_SubFun40	8	static
../Core/Phoropter/Src/Prism2_cmd.c:873:6:Prism2_SubFun41	8	static
../Core/Phoropter/Src/Prism2_cmd.c:894:6:Prism2_SubFun42	8	static
../Core/Phoropter/Src/Prism2_cmd.c:915:6:Prism2_SubFun43	8	static
../Core/Phoropter/Src/Prism2_cmd.c:936:6:Prism2_SubFun44	8	static
../Core/Phoropter/Src/Prism2_cmd.c:957:6:Prism2_SubFun45	8	static
../Core/Phoropter/Src/Prism2_cmd.c:978:6:Prism2_SubFun46	8	static
../Core/Phoropter/Src/Prism2_cmd.c:999:6:Prism2_SubFun47	8	static
../Core/Phoropter/Src/Prism2_cmd.c:1020:6:Prism2_SubFun48	8	static
../Core/Phoropter/Src/Prism2_cmd.c:1041:6:Prism2_SubFun49	8	static
../Core/Phoropter/Src/Prism2_cmd.c:1062:6:Prism2_SubFun50	8	static
../Core/Phoropter/Src/Prism2_cmd.c:1083:6:Prism2_SubFun51	8	static
../Core/Phoropter/Src/Prism2_cmd.c:1104:6:Prism2_SubFun52	8	static
../Core/Phoropter/Src/Prism2_cmd.c:1125:6:Prism2_SubFun53	8	static
../Core/Phoropter/Src/Prism2_cmd.c:1146:6:Prism2_SubFun54	8	static
../Core/Phoropter/Src/Prism2_cmd.c:1167:6:Prism2_SubFun55	8	static
../Core/Phoropter/Src/Prism2_cmd.c:1188:6:Prism2_SubFun56	8	static
../Core/Phoropter/Src/Prism2_cmd.c:1209:6:Prism2_SubFun57	8	static
../Core/Phoropter/Src/Prism2_cmd.c:1230:6:Prism2_SubFun58	8	static
../Core/Phoropter/Src/Prism2_cmd.c:1251:6:Prism2_SubFun59	8	static
../Core/Phoropter/Src/Prism2_cmd.c:1272:6:Prism2_SubFun60	8	static
../Core/Phoropter/Src/Prism2_cmd.c:1293:6:Prism2_SubFun61	8	static
../Core/Phoropter/Src/Prism2_cmd.c:1314:6:Prism2_SubFun62	8	static
../Core/Phoropter/Src/Prism2_cmd.c:1335:6:Prism2_SubFun63	8	static
../Core/Phoropter/Src/Prism2_cmd.c:1356:6:Prism2_SubFun64	8	static
../Core/Phoropter/Src/Prism2_cmd.c:1377:6:Prism2_SubFun65	8	static
../Core/Phoropter/Src/Prism2_cmd.c:1398:6:Prism2_SubFun66	8	static
../Core/Phoropter/Src/Prism2_cmd.c:1419:6:Prism2_SubFun67	8	static
../Core/Phoropter/Src/Prism2_cmd.c:1440:6:Prism2_SubFun68	8	static
../Core/Phoropter/Src/Prism2_cmd.c:1461:6:Prism2_SubFun69	8	static
../Core/Phoropter/Src/Prism2_cmd.c:1482:6:Prism2_SubFun70	8	static
../Core/Phoropter/Src/Prism2_cmd.c:1503:6:Prism2_SubFun71	8	static
../Core/Phoropter/Src/Prism2_cmd.c:1524:6:Prism2_SubFun72	8	static
../Core/Phoropter/Src/Prism2_cmd.c:1545:6:Prism2_SubFun73	8	static
../Core/Phoropter/Src/Prism2_cmd.c:1566:6:Prism2_SubFun74	8	static
../Core/Phoropter/Src/Prism2_cmd.c:1587:6:Prism2_SubFun75	8	static
../Core/Phoropter/Src/Prism2_cmd.c:1608:6:Prism2_SubFun76	8	static
../Core/Phoropter/Src/Prism2_cmd.c:1629:6:Prism2_SubFun77	8	static
../Core/Phoropter/Src/Prism2_cmd.c:1650:6:Prism2_SubFun78	8	static
../Core/Phoropter/Src/Prism2_cmd.c:1671:6:Prism2_SubFun79	8	static
../Core/Phoropter/Src/Prism2_cmd.c:1692:6:Prism2_SubFun80	8	static
../Core/Phoropter/Src/Prism2_cmd.c:1713:6:Prism2_SubFun81	8	static
../Core/Phoropter/Src/Prism2_cmd.c:1734:6:Prism2_SubFun82	8	static
../Core/Phoropter/Src/Prism2_cmd.c:1755:6:Prism2_SubFun83	8	static
../Core/Phoropter/Src/Prism2_cmd.c:1776:6:Prism2_SubFun84	8	static
../Core/Phoropter/Src/Prism2_cmd.c:1797:6:Prism2_SubFun85	8	static
../Core/Phoropter/Src/Prism2_cmd.c:1818:6:Prism2_SubFun86	8	static
../Core/Phoropter/Src/Prism2_cmd.c:1839:6:Prism2_SubFun87	8	static
../Core/Phoropter/Src/Prism2_cmd.c:1860:6:Prism2_SubFun88	8	static
../Core/Phoropter/Src/Prism2_cmd.c:1881:6:Prism2_SubFun89	8	static
../Core/Phoropter/Src/Prism2_cmd.c:1902:6:Prism2_SubFun90	8	static
../Core/Phoropter/Src/Prism2_cmd.c:1923:6:Prism2_SubFun91	8	static
../Core/Phoropter/Src/Prism2_cmd.c:1944:6:Prism2_SubFun92	8	static
../Core/Phoropter/Src/Prism2_cmd.c:1965:6:Prism2_SubFun93	8	static
../Core/Phoropter/Src/Prism2_cmd.c:1986:6:Prism2_SubFun94	8	static
../Core/Phoropter/Src/Prism2_cmd.c:2007:6:Prism2_SubFun95	8	static
../Core/Phoropter/Src/Prism2_cmd.c:2028:6:Prism2_SubFun96	8	static
../Core/Phoropter/Src/Prism2_cmd.c:2049:6:Prism2_SubFun97	8	static
../Core/Phoropter/Src/Prism2_cmd.c:2070:6:Prism2_SubFun98	8	static
../Core/Phoropter/Src/Prism2_cmd.c:2091:6:Prism2_SubFun99	8	static
../Core/Phoropter/Src/Prism2_cmd.c:2112:6:Prism2_SubFun100	8	static
../Core/Phoropter/Src/Prism2_cmd.c:2133:6:Prism2_SubFun101	8	static
../Core/Phoropter/Src/Prism2_cmd.c:2154:6:Prism2_SubFun102	8	static
../Core/Phoropter/Src/Prism2_cmd.c:2175:6:Prism2_SubFun103	8	static
../Core/Phoropter/Src/Prism2_cmd.c:2196:6:Prism2_SubFun104	8	static
../Core/Phoropter/Src/Prism2_cmd.c:2217:6:Prism2_SubFun105	8	static
../Core/Phoropter/Src/Prism2_cmd.c:2238:6:Prism2_SubFun106	8	static
../Core/Phoropter/Src/Prism2_cmd.c:2259:6:Prism2_SubFun107	8	static
../Core/Phoropter/Src/Prism2_cmd.c:2280:6:Prism2_SubFun108	8	static
../Core/Phoropter/Src/Prism2_cmd.c:2301:6:Prism2_SubFun109	8	static
../Core/Phoropter/Src/Prism2_cmd.c:2322:6:Prism2_SubFun110	8	static
../Core/Phoropter/Src/Prism2_cmd.c:2343:6:Prism2_SubFun111	8	static
../Core/Phoropter/Src/Prism2_cmd.c:2364:6:Prism2_SubFun112	8	static
../Core/Phoropter/Src/Prism2_cmd.c:2385:6:Prism2_SubFun113	8	static
../Core/Phoropter/Src/Prism2_cmd.c:2406:6:Prism2_SubFun114	8	static
../Core/Phoropter/Src/Prism2_cmd.c:2427:6:Prism2_SubFun115	8	static
../Core/Phoropter/Src/Prism2_cmd.c:2448:6:Prism2_SubFun116	8	static
../Core/Phoropter/Src/Prism2_cmd.c:2469:6:Prism2_SubFun117	8	static
../Core/Phoropter/Src/Prism2_cmd.c:2490:6:Prism2_SubFun118	8	static
../Core/Phoropter/Src/Prism2_cmd.c:2511:6:Prism2_SubFun119	8	static
../Core/Phoropter/Src/Prism2_cmd.c:2532:6:Prism2_SubFun120	8	static
../Core/Phoropter/Src/Prism2_cmd.c:2553:6:Prism2_SubFun121	8	static
../Core/Phoropter/Src/Prism2_cmd.c:2574:6:Prism2_SubFun122	8	static
../Core/Phoropter/Src/Prism2_cmd.c:2595:6:Prism2_SubFun123	8	static
../Core/Phoropter/Src/Prism2_cmd.c:2616:6:Prism2_SubFun124	8	static
../Core/Phoropter/Src/Prism2_cmd.c:2637:6:Prism2_SubFun125	8	static
../Core/Phoropter/Src/Prism2_cmd.c:2658:6:Prism2_SubFun126	8	static
../Core/Phoropter/Src/Prism2_cmd.c:2679:6:Prism2_SubFun127	8	static
../Core/Phoropter/Src/Prism2_cmd.c:2700:6:Prism2_SubFun128	8	static
../Core/Phoropter/Src/Prism2_cmd.c:2721:6:Prism2_SubFun129	8	static
../Core/Phoropter/Src/Prism2_cmd.c:2742:6:Prism2_SubFun130	8	static
../Core/Phoropter/Src/Prism2_cmd.c:2763:6:Prism2_SubFun131	8	static
../Core/Phoropter/Src/Prism2_cmd.c:2784:6:Prism2_SubFun132	8	static
../Core/Phoropter/Src/Prism2_cmd.c:2805:6:Prism2_SubFun133	8	static
../Core/Phoropter/Src/Prism2_cmd.c:2826:6:Prism2_SubFun134	8	static
../Core/Phoropter/Src/Prism2_cmd.c:2847:6:Prism2_SubFun135	8	static
../Core/Phoropter/Src/Prism2_cmd.c:2868:6:Prism2_SubFun136	8	static
../Core/Phoropter/Src/Prism2_cmd.c:2889:6:Prism2_SubFun137	8	static
../Core/Phoropter/Src/Prism2_cmd.c:2910:6:Prism2_SubFun138	8	static
../Core/Phoropter/Src/Prism2_cmd.c:2931:6:Prism2_SubFun139	8	static
../Core/Phoropter/Src/Prism2_cmd.c:2952:6:Prism2_SubFun140	8	static
../Core/Phoropter/Src/Prism2_cmd.c:2973:6:Prism2_SubFun141	8	static
../Core/Phoropter/Src/Prism2_cmd.c:2994:6:Prism2_SubFun142	8	static
../Core/Phoropter/Src/Prism2_cmd.c:3015:6:Prism2_SubFun143	8	static
../Core/Phoropter/Src/Prism2_cmd.c:3036:6:Prism2_SubFun144	8	static
../Core/Phoropter/Src/Prism2_cmd.c:3057:6:Prism2_SubFun145	8	static
../Core/Phoropter/Src/Prism2_cmd.c:3078:6:Prism2_SubFun146	8	static
../Core/Phoropter/Src/Prism2_cmd.c:3099:6:Prism2_SubFun147	8	static
../Core/Phoropter/Src/Prism2_cmd.c:3120:6:Prism2_SubFun148	8	static
../Core/Phoropter/Src/Prism2_cmd.c:3141:6:Prism2_SubFun149	8	static
../Core/Phoropter/Src/Prism2_cmd.c:3162:6:Prism2_SubFun150	8	static
../Core/Phoropter/Src/Prism2_cmd.c:3183:6:Prism2_SubFun151	8	static
../Core/Phoropter/Src/Prism2_cmd.c:3204:6:Prism2_SubFun152	8	static
../Core/Phoropter/Src/Prism2_cmd.c:3225:6:Prism2_SubFun153	8	static
../Core/Phoropter/Src/Prism2_cmd.c:3246:6:Prism2_SubFun154	8	static
../Core/Phoropter/Src/Prism2_cmd.c:3267:6:Prism2_SubFun155	8	static
../Core/Phoropter/Src/Prism2_cmd.c:3288:6:Prism2_SubFun156	8	static
../Core/Phoropter/Src/Prism2_cmd.c:3309:6:Prism2_SubFun157	8	static
../Core/Phoropter/Src/Prism2_cmd.c:3330:6:Prism2_SubFun158	8	static
../Core/Phoropter/Src/Prism2_cmd.c:3351:6:Prism2_SubFun159	8	static
../Core/Phoropter/Src/Prism2_cmd.c:3372:6:Prism2_SubFun160	8	static
../Core/Phoropter/Src/Prism2_cmd.c:3392:6:Prism2_SubFun161	8	static
