../Drivers/STM32H7xx_HAL_Driver/Src/stm32h7xx_hal_uart.c:312:19:HAL_UART_Init	16	static
../Drivers/STM32H7xx_HAL_Driver/Src/stm32h7xx_hal_uart.c:385:19:HAL_HalfDuplex_Init	16	static
../Drivers/STM32H7xx_HAL_Driver/Src/stm32h7xx_hal_uart.c:458:19:HAL_LIN_Init	16	static
../Drivers/STM32H7xx_HAL_Driver/Src/stm32h7xx_hal_uart.c:555:19:HAL_MultiProcessor_Init	24	static
../Drivers/STM32H7xx_HAL_Driver/Src/stm32h7xx_hal_uart.c:629:19:HAL_UART_DeInit	16	static
../Drivers/STM32H7xx_HAL_Driver/Src/stm32h7xx_hal_uart.c:675:13:HAL_UART_MspInit	16	static
../Drivers/STM32H7xx_HAL_Driver/Src/stm32h7xx_hal_uart.c:690:13:HAL_UART_MspDeInit	16	static
../Drivers/STM32H7xx_HAL_Driver/Src/stm32h7xx_hal_uart.c:723:19:HAL_UART_RegisterCallback	32	static
../Drivers/STM32H7xx_HAL_Driver/Src/stm32h7xx_hal_uart.c:852:19:HAL_UART_UnRegisterCallback	24	static
../Drivers/STM32H7xx_HAL_Driver/Src/stm32h7xx_hal_uart.c:961:19:HAL_UART_RegisterRxEventCallback	24	static
../Drivers/STM32H7xx_HAL_Driver/Src/stm32h7xx_hal_uart.c:998:19:HAL_UART_UnRegisterRxEventCallback	24	static
../Drivers/STM32H7xx_HAL_Driver/Src/stm32h7xx_hal_uart.c:1126:19:HAL_UART_Transmit	48	static
../Drivers/STM32H7xx_HAL_Driver/Src/stm32h7xx_hal_uart.c:1215:19:HAL_UART_Receive	48	static
../Drivers/STM32H7xx_HAL_Driver/Src/stm32h7xx_hal_uart.c:1301:19:HAL_UART_Transmit_IT	72	static,ignoring_inline_asm
../Drivers/STM32H7xx_HAL_Driver/Src/stm32h7xx_hal_uart.c:1375:19:HAL_UART_Receive_IT	48	static,ignoring_inline_asm
../Drivers/STM32H7xx_HAL_Driver/Src/stm32h7xx_hal_uart.c:1418:19:HAL_UART_Transmit_DMA	48	static,ignoring_inline_asm
../Drivers/STM32H7xx_HAL_Driver/Src/stm32h7xx_hal_uart.c:1494:19:HAL_UART_Receive_DMA	48	static,ignoring_inline_asm
../Drivers/STM32H7xx_HAL_Driver/Src/stm32h7xx_hal_uart.c:1532:19:HAL_UART_DMAPause	120	static,ignoring_inline_asm
../Drivers/STM32H7xx_HAL_Driver/Src/stm32h7xx_hal_uart.c:1566:19:HAL_UART_DMAResume	112	static,ignoring_inline_asm
../Drivers/STM32H7xx_HAL_Driver/Src/stm32h7xx_hal_uart.c:1601:19:HAL_UART_DMAStop	72	static,ignoring_inline_asm
../Drivers/STM32H7xx_HAL_Driver/Src/stm32h7xx_hal_uart.c:1676:19:HAL_UART_Abort	136	static,ignoring_inline_asm
../Drivers/STM32H7xx_HAL_Driver/Src/stm32h7xx_hal_uart.c:1779:19:HAL_UART_AbortTransmit	88	static,ignoring_inline_asm
../Drivers/STM32H7xx_HAL_Driver/Src/stm32h7xx_hal_uart.c:1838:19:HAL_UART_AbortReceive	112	static,ignoring_inline_asm
../Drivers/STM32H7xx_HAL_Driver/Src/stm32h7xx_hal_uart.c:1906:19:HAL_UART_Abort_IT	144	static,ignoring_inline_asm
../Drivers/STM32H7xx_HAL_Driver/Src/stm32h7xx_hal_uart.c:2059:19:HAL_UART_AbortTransmit_IT	88	static,ignoring_inline_asm
../Drivers/STM32H7xx_HAL_Driver/Src/stm32h7xx_hal_uart.c:2150:19:HAL_UART_AbortReceive_IT	112	static,ignoring_inline_asm
../Drivers/STM32H7xx_HAL_Driver/Src/stm32h7xx_hal_uart.c:2243:6:HAL_UART_IRQHandler	240	static,ignoring_inline_asm
../Drivers/STM32H7xx_HAL_Driver/Src/stm32h7xx_hal_uart.c:2563:13:HAL_UART_TxCpltCallback	16	static
../Drivers/STM32H7xx_HAL_Driver/Src/stm32h7xx_hal_uart.c:2578:13:HAL_UART_TxHalfCpltCallback	16	static
../Drivers/STM32H7xx_HAL_Driver/Src/stm32h7xx_hal_uart.c:2593:13:HAL_UART_RxCpltCallback	16	static
../Drivers/STM32H7xx_HAL_Driver/Src/stm32h7xx_hal_uart.c:2608:13:HAL_UART_RxHalfCpltCallback	16	static
../Drivers/STM32H7xx_HAL_Driver/Src/stm32h7xx_hal_uart.c:2623:13:HAL_UART_ErrorCallback	16	static
../Drivers/STM32H7xx_HAL_Driver/Src/stm32h7xx_hal_uart.c:2638:13:HAL_UART_AbortCpltCallback	16	static
../Drivers/STM32H7xx_HAL_Driver/Src/stm32h7xx_hal_uart.c:2653:13:HAL_UART_AbortTransmitCpltCallback	16	static
../Drivers/STM32H7xx_HAL_Driver/Src/stm32h7xx_hal_uart.c:2668:13:HAL_UART_AbortReceiveCpltCallback	16	static
../Drivers/STM32H7xx_HAL_Driver/Src/stm32h7xx_hal_uart.c:2685:13:HAL_UARTEx_RxEventCallback	16	static
../Drivers/STM32H7xx_HAL_Driver/Src/stm32h7xx_hal_uart.c:2733:6:HAL_UART_ReceiverTimeout_Config	16	static
../Drivers/STM32H7xx_HAL_Driver/Src/stm32h7xx_hal_uart.c:2748:19:HAL_UART_EnableReceiverTimeout	16	static
../Drivers/STM32H7xx_HAL_Driver/Src/stm32h7xx_hal_uart.c:2786:19:HAL_UART_DisableReceiverTimeout	16	static
../Drivers/STM32H7xx_HAL_Driver/Src/stm32h7xx_hal_uart.c:2824:19:HAL_MultiProcessor_EnableMuteMode	40	static,ignoring_inline_asm
../Drivers/STM32H7xx_HAL_Driver/Src/stm32h7xx_hal_uart.c:2844:19:HAL_MultiProcessor_DisableMuteMode	40	static,ignoring_inline_asm
../Drivers/STM32H7xx_HAL_Driver/Src/stm32h7xx_hal_uart.c:2864:6:HAL_MultiProcessor_EnterMuteMode	16	static
../Drivers/STM32H7xx_HAL_Driver/Src/stm32h7xx_hal_uart.c:2874:19:HAL_HalfDuplex_EnableTransmitter	64	static,ignoring_inline_asm
../Drivers/STM32H7xx_HAL_Driver/Src/stm32h7xx_hal_uart.c:2897:19:HAL_HalfDuplex_EnableReceiver	64	static,ignoring_inline_asm
../Drivers/STM32H7xx_HAL_Driver/Src/stm32h7xx_hal_uart.c:2921:19:HAL_LIN_SendBreak	16	static
../Drivers/STM32H7xx_HAL_Driver/Src/stm32h7xx_hal_uart.c:2966:23:HAL_UART_GetState	24	static
../Drivers/STM32H7xx_HAL_Driver/Src/stm32h7xx_hal_uart.c:2982:10:HAL_UART_GetError	16	static
../Drivers/STM32H7xx_HAL_Driver/Src/stm32h7xx_hal_uart.c:3004:6:UART_InitCallbacksToDefault	16	static
../Drivers/STM32H7xx_HAL_Driver/Src/stm32h7xx_hal_uart.c:3028:19:UART_SetConfig	104	static
../Drivers/STM32H7xx_HAL_Driver/Src/stm32h7xx_hal_uart.c:3292:6:UART_AdvFeatureConfig	16	static
../Drivers/STM32H7xx_HAL_Driver/Src/stm32h7xx_hal_uart.c:3366:19:UART_CheckIdleState	32	static
../Drivers/STM32H7xx_HAL_Driver/Src/stm32h7xx_hal_uart.c:3418:19:UART_WaitOnFlagUntilTimeout	120	static,ignoring_inline_asm
../Drivers/STM32H7xx_HAL_Driver/Src/stm32h7xx_hal_uart.c:3482:19:UART_Start_Receive_IT	144	static,ignoring_inline_asm
../Drivers/STM32H7xx_HAL_Driver/Src/stm32h7xx_hal_uart.c:3558:19:UART_Start_Receive_DMA	96	static,ignoring_inline_asm
../Drivers/STM32H7xx_HAL_Driver/Src/stm32h7xx_hal_uart.c:3618:13:UART_EndTxTransfer	64	static,ignoring_inline_asm
../Drivers/STM32H7xx_HAL_Driver/Src/stm32h7xx_hal_uart.c:3634:13:UART_EndRxTransfer	88	static,ignoring_inline_asm
../Drivers/STM32H7xx_HAL_Driver/Src/stm32h7xx_hal_uart.c:3660:13:UART_DMATransmitCplt	72	static,ignoring_inline_asm
../Drivers/STM32H7xx_HAL_Driver/Src/stm32h7xx_hal_uart.c:3694:13:UART_DMATxHalfCplt	24	static
../Drivers/STM32H7xx_HAL_Driver/Src/stm32h7xx_hal_uart.c:3712:13:UART_DMAReceiveCplt	120	static,ignoring_inline_asm
../Drivers/STM32H7xx_HAL_Driver/Src/stm32h7xx_hal_uart.c:3769:13:UART_DMARxHalfCplt	24	static
../Drivers/STM32H7xx_HAL_Driver/Src/stm32h7xx_hal_uart.c:3803:13:UART_DMAError	32	static
../Drivers/STM32H7xx_HAL_Driver/Src/stm32h7xx_hal_uart.c:3843:13:UART_DMAAbortOnError	24	static
../Drivers/STM32H7xx_HAL_Driver/Src/stm32h7xx_hal_uart.c:3866:13:UART_DMATxAbortCallback	24	static
../Drivers/STM32H7xx_HAL_Driver/Src/stm32h7xx_hal_uart.c:3921:13:UART_DMARxAbortCallback	24	static
../Drivers/STM32H7xx_HAL_Driver/Src/stm32h7xx_hal_uart.c:3973:13:UART_DMATxOnlyAbortCallback	24	static
../Drivers/STM32H7xx_HAL_Driver/Src/stm32h7xx_hal_uart.c:4006:13:UART_DMARxOnlyAbortCallback	24	static
../Drivers/STM32H7xx_HAL_Driver/Src/stm32h7xx_hal_uart.c:4039:13:UART_TxISR_8BIT	64	static,ignoring_inline_asm
../Drivers/STM32H7xx_HAL_Driver/Src/stm32h7xx_hal_uart.c:4068:13:UART_TxISR_16BIT	72	static,ignoring_inline_asm
../Drivers/STM32H7xx_HAL_Driver/Src/stm32h7xx_hal_uart.c:4100:13:UART_TxISR_8BIT_FIFOEN	72	static,ignoring_inline_asm
../Drivers/STM32H7xx_HAL_Driver/Src/stm32h7xx_hal_uart.c:4140:13:UART_TxISR_16BIT_FIFOEN	72	static,ignoring_inline_asm
../Drivers/STM32H7xx_HAL_Driver/Src/stm32h7xx_hal_uart.c:4181:13:UART_EndTransmit_IT	40	static,ignoring_inline_asm
../Drivers/STM32H7xx_HAL_Driver/Src/stm32h7xx_hal_uart.c:4206:13:UART_RxISR_8BIT	96	static,ignoring_inline_asm
../Drivers/STM32H7xx_HAL_Driver/Src/stm32h7xx_hal_uart.c:4288:13:UART_RxISR_16BIT	96	static,ignoring_inline_asm
../Drivers/STM32H7xx_HAL_Driver/Src/stm32h7xx_hal_uart.c:4367:13:UART_RxISR_8BIT_FIFOEN	160	static,ignoring_inline_asm
../Drivers/STM32H7xx_HAL_Driver/Src/stm32h7xx_hal_uart.c:4515:13:UART_RxISR_16BIT_FIFOEN	168	static,ignoring_inline_asm
